Java HotSpot(TM) 64-Bit Server VM (25.181-b13) for windows-amd64 JRE (1.8.0_181-b13), built on Jul  7 2018 04:01:33 by "java_re" with MS VC++ 10.0 (VS2010)
Memory: 4k page, physical 8305456k(3095904k free), swap 16609052k(10267944k free)
CommandLine flags: -XX:InitialHeapSize=536870912 -XX:MaxHeapSize=536870912 -XX:+PrintGC -XX:+PrintGCDetails -XX:+PrintGCTimeStamps -XX:+UseCompressedClassPointers -XX:+UseCompressedOops -XX:+UseG1GC -XX:-UseLargePagesIndividualAllocation 
// 纯年轻代模式转移暂停：当年轻代空间用满之后，应用程序会被暂停，年轻代内存块中的存活对象被拷贝到存活区。如果还没有存活区，则任意选择一部分空闲的内存块
// G1转移暂停，纯年轻代模式，只清理年轻代空间，持续时间0.0036113
0.252: [GC pause (G1 Evacuation Pause) (young), 0.0036113 secs]
// 表明后面的活动由4个worker线程并行执行，消耗3.4毫秒。worker是一种模式，类似于一个老板指挥多个员工干活
   [Parallel Time: 3.4 ms, GC Workers: 4]
   // gc的work线程开始启动 时，相对于pause开始时间的毫秒间隔。如果min和max差别很大，表明本机其他线程所使用的的线程数量过多，挤占了gc可用的cpu时间
      [GC Worker Start (ms): Min: 252.5, Avg: 254.1, Max: 255.8, Diff: 3.3]
	// 用了多长时间来扫描gc的堆外内存的gc root，如classloader、jni引用，sum指cpu时间
      [Ext Root Scanning (ms): Min: 0.0, Avg: 0.2, Max: 0.3, Diff: 0.3, Sum: 0.6]
	// RS是remembered set的缩写
      [Update RS (ms): Min: 0.0, Avg: 0.0, Max: 0.0, Diff: 0.0, Sum: 0.0]
         [Processed Buffers: Min: 0, Avg: 0.0, Max: 0, Diff: 0, Sum: 0]
      [Scan RS (ms): Min: 0.0, Avg: 0.0, Max: 0.0, Diff: 0.0, Sum: 0.0]
	// 扫描实际代码中的root用了多长时间
      [Code Root Scanning (ms): Min: 0.0, Avg: 0.0, Max: 0.0, Diff: 0.0, Sum: 0.0]
	  // 用了多长时间来拷贝回收集中的对象
      [Object Copy (ms): Min: 0.0, Avg: 1.5, Max: 2.9, Diff: 2.9, Sum: 5.9]
	  // gc的work线程尝试多少次的try和teminate，如果worker发现还有一些任务没处理完，则这一次尝试就是失败的，暂时还不能终止
      [Termination (ms): Min: 0.0, Avg: 0.1, Max: 0.1, Diff: 0.1, Sum: 0.2]
         [Termination Attempts: Min: 1, Avg: 1.0, Max: 1, Diff: 0, Sum: 4]
	// 其他的小任务，因为时间很短，在gc日志将他们归结一起
      [GC Worker Other (ms): Min: 0.0, Avg: 0.0, Max: 0.0, Diff: 0.0, Sum: 0.1]
	 // gc worker 线程工作时间总计
      [GC Worker Total (ms): Min: 0.0, Avg: 1.7, Max: 3.4, Diff: 3.3, Sum: 6.8]
	 // gc worker完成作业时刻
      [GC Worker End (ms): Min: 255.8, Avg: 255.8, Max: 255.8, Diff: 0.0]
// 释放用于管理并行活动的内部数据，一般接近于零。这个过程是串行的。
   [Code Root Fixup: 0.0 ms]
// 清理其他部分数据，也是串行的，速度很快
   [Code Root Purge: 0.0 ms]
   [Clear CT: 0.0 ms]
// 其他活动消耗时间，其中大部分是并行的
   [Other: 0.2 ms]
   // 选择Collection Set消耗的时间；
      [Choose CSet: 0.0 ms]
	// 处理非强引用的时间：进行清理或决定是否需要清理
      [Ref Proc: 0.1 ms]
	// 将生下来的非强引用排列到合适的ReferenceQuene中
      [Ref Enq: 0.0 ms]
	 // 
      [Redirty Cards: 0.0 ms]
      [Humongous Register: 0.0 ms]
      [Humongous Reclaim: 0.0 ms]
	  // 将回收集中被释放的小堆归还所消耗的时间，以便他们能用来分配新的对象
      [Free CSet: 0.0 ms]
// 暂停前后，eden区的使用量/总容量；暂停前后，存货区的使用量；暂停前后，堆内存的使用量/总容量
   [Eden: 25.0M(25.0M)->0.0B(21.0M) Survivors: 0.0B->4096.0K Heap: 32.2M(512.0M)->14.1M(512.0M)]
// gc的持续时间
 [Times: user=0.00 sys=0.00, real=0.00 secs] 
0.267: [GC pause (G1 Evacuation Pause) (young), 0.0028349 secs]
   [Parallel Time: 2.6 ms, GC Workers: 4]
      [GC Worker Start (ms): Min: 267.2, Avg: 267.9, Max: 269.8, Diff: 2.6]
      [Ext Root Scanning (ms): Min: 0.0, Avg: 0.2, Max: 0.2, Diff: 0.2, Sum: 0.6]
      [Update RS (ms): Min: 0.0, Avg: 0.0, Max: 0.0, Diff: 0.0, Sum: 0.0]
         [Processed Buffers: Min: 0, Avg: 0.5, Max: 2, Diff: 2, Sum: 2]
      [Scan RS (ms): Min: 0.0, Avg: 0.0, Max: 0.0, Diff: 0.0, Sum: 0.0]
      [Code Root Scanning (ms): Min: 0.0, Avg: 0.0, Max: 0.0, Diff: 0.0, Sum: 0.0]
      [Object Copy (ms): Min: 0.0, Avg: 1.7, Max: 2.3, Diff: 2.3, Sum: 6.9]
      [Termination (ms): Min: 0.0, Avg: 0.1, Max: 0.1, Diff: 0.1, Sum: 0.2]
         [Termination Attempts: Min: 1, Avg: 1.0, Max: 1, Diff: 0, Sum: 4]
      [GC Worker Other (ms): Min: 0.0, Avg: 0.0, Max: 0.0, Diff: 0.0, Sum: 0.0]
      [GC Worker Total (ms): Min: 0.0, Avg: 2.0, Max: 2.6, Diff: 2.6, Sum: 7.8]
      [GC Worker End (ms): Min: 269.8, Avg: 269.8, Max: 269.8, Diff: 0.0]
   [Code Root Fixup: 0.0 ms]
   [Code Root Purge: 0.0 ms]
   [Clear CT: 0.0 ms]
   [Other: 0.2 ms]
      [Choose CSet: 0.0 ms]
      [Ref Proc: 0.1 ms]
      [Ref Enq: 0.0 ms]
      [Redirty Cards: 0.0 ms]
      [Humongous Register: 0.0 ms]
      [Humongous Reclaim: 0.0 ms]
      [Free CSet: 0.0 ms]
   [Eden: 21.0M(21.0M)->0.0B(21.0M) Survivors: 4096.0K->4096.0K Heap: 42.8M(512.0M)->24.5M(512.0M)]
 [Times: user=0.00 sys=0.00, real=0.00 secs] 
0.276: [GC pause (G1 Evacuation Pause) (young), 0.0031021 secs]
   [Parallel Time: 2.9 ms, GC Workers: 4]
      [GC Worker Start (ms): Min: 276.1, Avg: 276.1, Max: 276.3, Diff: 0.2]
      [Ext Root Scanning (ms): Min: 0.0, Avg: 0.1, Max: 0.2, Diff: 0.2, Sum: 0.5]
      [Update RS (ms): Min: 0.0, Avg: 0.1, Max: 0.4, Diff: 0.4, Sum: 0.5]
         [Processed Buffers: Min: 1, Avg: 1.5, Max: 3, Diff: 2, Sum: 6]
      [Scan RS (ms): Min: 0.0, Avg: 0.0, Max: 0.0, Diff: 0.0, Sum: 0.0]
      [Code Root Scanning (ms): Min: 0.0, Avg: 0.0, Max: 0.0, Diff: 0.0, Sum: 0.0]
      [Object Copy (ms): Min: 2.1, Avg: 2.4, Max: 2.6, Diff: 0.4, Sum: 9.8]
      [Termination (ms): Min: 0.0, Avg: 0.0, Max: 0.1, Diff: 0.1, Sum: 0.2]
         [Termination Attempts: Min: 1, Avg: 1.0, Max: 1, Diff: 0, Sum: 4]
      [GC Worker Other (ms): Min: 0.0, Avg: 0.0, Max: 0.0, Diff: 0.0, Sum: 0.0]
      [GC Worker Total (ms): Min: 2.6, Avg: 2.8, Max: 2.8, Diff: 0.2, Sum: 11.1]
      [GC Worker End (ms): Min: 278.9, Avg: 278.9, Max: 278.9, Diff: 0.0]
   [Code Root Fixup: 0.0 ms]
   [Code Root Purge: 0.0 ms]
   [Clear CT: 0.0 ms]
   [Other: 0.2 ms]
      [Choose CSet: 0.0 ms]
      [Ref Proc: 0.0 ms]
      [Ref Enq: 0.0 ms]
      [Redirty Cards: 0.0 ms]
      [Humongous Register: 0.0 ms]
      [Humongous Reclaim: 0.0 ms]
      [Free CSet: 0.0 ms]
   [Eden: 21.0M(21.0M)->0.0B(35.0M) Survivors: 4096.0K->4096.0K Heap: 49.4M(512.0M)->32.6M(512.0M)]
 [Times: user=0.00 sys=0.00, real=0.00 secs] 
0.293: [GC pause (G1 Evacuation Pause) (young), 0.0044866 secs]
   [Parallel Time: 4.2 ms, GC Workers: 4]
      [GC Worker Start (ms): Min: 293.4, Avg: 293.4, Max: 293.4, Diff: 0.0]
      [Ext Root Scanning (ms): Min: 0.1, Avg: 0.1, Max: 0.1, Diff: 0.0, Sum: 0.6]
      [Update RS (ms): Min: 0.1, Avg: 0.1, Max: 0.1, Diff: 0.1, Sum: 0.4]
         [Processed Buffers: Min: 1, Avg: 2.3, Max: 3, Diff: 2, Sum: 9]
      [Scan RS (ms): Min: 0.0, Avg: 0.0, Max: 0.0, Diff: 0.0, Sum: 0.0]
      [Code Root Scanning (ms): Min: 0.0, Avg: 0.0, Max: 0.0, Diff: 0.0, Sum: 0.0]
      [Object Copy (ms): Min: 3.8, Avg: 3.8, Max: 3.9, Diff: 0.1, Sum: 15.2]
      [Termination (ms): Min: 0.0, Avg: 0.1, Max: 0.1, Diff: 0.1, Sum: 0.3]
         [Termination Attempts: Min: 1, Avg: 1.0, Max: 1, Diff: 0, Sum: 4]
      [GC Worker Other (ms): Min: 0.0, Avg: 0.0, Max: 0.0, Diff: 0.0, Sum: 0.0]
      [GC Worker Total (ms): Min: 4.1, Avg: 4.1, Max: 4.1, Diff: 0.0, Sum: 16.5]
      [GC Worker End (ms): Min: 297.6, Avg: 297.6, Max: 297.6, Diff: 0.0]
   [Code Root Fixup: 0.0 ms]
   [Code Root Purge: 0.0 ms]
   [Clear CT: 0.0 ms]
   [Other: 0.3 ms]
      [Choose CSet: 0.0 ms]
      [Ref Proc: 0.1 ms]
      [Ref Enq: 0.0 ms]
      [Redirty Cards: 0.0 ms]
      [Humongous Register: 0.0 ms]
      [Humongous Reclaim: 0.0 ms]
      [Free CSet: 0.0 ms]
   [Eden: 35.0M(35.0M)->0.0B(85.0M) Survivors: 4096.0K->5120.0K Heap: 79.1M(512.0M)->52.8M(512.0M)]
 [Times: user=0.00 sys=0.00, real=0.00 secs] 
0.327: [GC pause (G1 Evacuation Pause) (young), 0.0081928 secs]
   [Parallel Time: 7.8 ms, GC Workers: 4]
      [GC Worker Start (ms): Min: 327.2, Avg: 327.4, Max: 327.8, Diff: 0.5]
      [Ext Root Scanning (ms): Min: 0.0, Avg: 0.1, Max: 0.2, Diff: 0.2, Sum: 0.5]
      [Update RS (ms): Min: 0.0, Avg: 0.2, Max: 0.3, Diff: 0.3, Sum: 0.8]
         [Processed Buffers: Min: 0, Avg: 3.3, Max: 5, Diff: 5, Sum: 13]
      [Scan RS (ms): Min: 0.0, Avg: 0.0, Max: 0.0, Diff: 0.0, Sum: 0.1]
      [Code Root Scanning (ms): Min: 0.0, Avg: 0.0, Max: 0.0, Diff: 0.0, Sum: 0.0]
      [Object Copy (ms): Min: 7.1, Avg: 7.2, Max: 7.2, Diff: 0.2, Sum: 28.7]
      [Termination (ms): Min: 0.0, Avg: 0.1, Max: 0.1, Diff: 0.1, Sum: 0.3]
         [Termination Attempts: Min: 1, Avg: 1.0, Max: 1, Diff: 0, Sum: 4]
      [GC Worker Other (ms): Min: 0.0, Avg: 0.0, Max: 0.0, Diff: 0.0, Sum: 0.0]
      [GC Worker Total (ms): Min: 7.2, Avg: 7.6, Max: 7.8, Diff: 0.6, Sum: 30.4]
      [GC Worker End (ms): Min: 334.9, Avg: 335.0, Max: 335.0, Diff: 0.0]
   [Code Root Fixup: 0.0 ms]
   [Code Root Purge: 0.0 ms]
   [Clear CT: 0.0 ms]
   [Other: 0.4 ms]
      [Choose CSet: 0.0 ms]
      [Ref Proc: 0.1 ms]
      [Ref Enq: 0.0 ms]
      [Redirty Cards: 0.0 ms]
      [Humongous Register: 0.0 ms]
      [Humongous Reclaim: 0.0 ms]
      [Free CSet: 0.0 ms]
   [Eden: 85.0M(85.0M)->0.0B(48.0M) Survivors: 5120.0K->12.0M Heap: 160.9M(512.0M)->89.2M(512.0M)]
 [Times: user=0.00 sys=0.00, real=0.01 secs] 
0.347: [GC pause (G1 Evacuation Pause) (young), 0.0088027 secs]
   [Parallel Time: 8.6 ms, GC Workers: 4]
      [GC Worker Start (ms): Min: 347.0, Avg: 347.0, Max: 347.0, Diff: 0.0]
      [Ext Root Scanning (ms): Min: 0.1, Avg: 0.1, Max: 0.1, Diff: 0.0, Sum: 0.6]
      [Update RS (ms): Min: 0.1, Avg: 0.2, Max: 0.2, Diff: 0.1, Sum: 0.6]
         [Processed Buffers: Min: 1, Avg: 2.3, Max: 3, Diff: 2, Sum: 9]
      [Scan RS (ms): Min: 0.0, Avg: 0.0, Max: 0.0, Diff: 0.0, Sum: 0.0]
      [Code Root Scanning (ms): Min: 0.0, Avg: 0.0, Max: 0.0, Diff: 0.0, Sum: 0.0]
      [Object Copy (ms): Min: 8.0, Avg: 8.1, Max: 8.2, Diff: 0.2, Sum: 32.3]
      [Termination (ms): Min: 0.0, Avg: 0.2, Max: 0.3, Diff: 0.3, Sum: 0.7]
         [Termination Attempts: Min: 1, Avg: 1.0, Max: 1, Diff: 0, Sum: 4]
      [GC Worker Other (ms): Min: 0.0, Avg: 0.0, Max: 0.0, Diff: 0.0, Sum: 0.0]
      [GC Worker Total (ms): Min: 8.6, Avg: 8.6, Max: 8.6, Diff: 0.0, Sum: 34.3]
      [GC Worker End (ms): Min: 355.6, Avg: 355.6, Max: 355.6, Diff: 0.0]
   [Code Root Fixup: 0.0 ms]
   [Code Root Purge: 0.0 ms]
   [Clear CT: 0.0 ms]
   [Other: 0.2 ms]
      [Choose CSet: 0.0 ms]
      [Ref Proc: 0.0 ms]
      [Ref Enq: 0.0 ms]
      [Redirty Cards: 0.0 ms]
      [Humongous Register: 0.0 ms]
      [Humongous Reclaim: 0.0 ms]
      [Free CSet: 0.0 ms]
   [Eden: 48.0M(48.0M)->0.0B(87.0M) Survivors: 12.0M->8192.0K Heap: 147.3M(512.0M)->109.7M(512.0M)]
 [Times: user=0.00 sys=0.06, real=0.01 secs] 
0.384: [GC pause (G1 Evacuation Pause) (young), 0.0120640 secs]
   [Parallel Time: 11.7 ms, GC Workers: 4]
      [GC Worker Start (ms): Min: 384.0, Avg: 384.0, Max: 384.0, Diff: 0.0]
      [Ext Root Scanning (ms): Min: 0.1, Avg: 0.1, Max: 0.1, Diff: 0.0, Sum: 0.6]
      [Update RS (ms): Min: 0.3, Avg: 0.3, Max: 0.3, Diff: 0.0, Sum: 1.1]
         [Processed Buffers: Min: 3, Avg: 4.0, Max: 5, Diff: 2, Sum: 16]
      [Scan RS (ms): Min: 0.0, Avg: 0.0, Max: 0.0, Diff: 0.0, Sum: 0.0]
      [Code Root Scanning (ms): Min: 0.0, Avg: 0.0, Max: 0.0, Diff: 0.0, Sum: 0.0]
      [Object Copy (ms): Min: 10.9, Avg: 11.1, Max: 11.2, Diff: 0.3, Sum: 44.5]
      [Termination (ms): Min: 0.0, Avg: 0.1, Max: 0.3, Diff: 0.3, Sum: 0.5]
         [Termination Attempts: Min: 1, Avg: 1.0, Max: 1, Diff: 0, Sum: 4]
      [GC Worker Other (ms): Min: 0.0, Avg: 0.0, Max: 0.0, Diff: 0.0, Sum: 0.1]
      [GC Worker Total (ms): Min: 11.7, Avg: 11.7, Max: 11.7, Diff: 0.0, Sum: 46.7]
      [GC Worker End (ms): Min: 395.7, Avg: 395.7, Max: 395.7, Diff: 0.0]
   [Code Root Fixup: 0.0 ms]
   [Code Root Purge: 0.0 ms]
   [Clear CT: 0.0 ms]
   [Other: 0.3 ms]
      [Choose CSet: 0.0 ms]
      [Ref Proc: 0.0 ms]
      [Ref Enq: 0.0 ms]
      [Redirty Cards: 0.0 ms]
      [Humongous Register: 0.0 ms]
      [Humongous Reclaim: 0.1 ms]
      [Free CSet: 0.1 ms]
   [Eden: 87.0M(87.0M)->0.0B(236.0M) Survivors: 8192.0K->12.0M Heap: 220.1M(512.0M)->134.5M(512.0M)]
 [Times: user=0.00 sys=0.00, real=0.01 secs] 

 // 并发标记：堆内存使用比例达到一定数值，就会触发并发标记，这个默认比例是45%。
 // 初始标记
0.499: [GC pause (G1 Humongous Allocation) (young) (initial-mark) (to-space exhausted), 0.0836853 secs]
   [Parallel Time: 80.8 ms, GC Workers: 4]
      [GC Worker Start (ms): Min: 499.4, Avg: 499.5, Max: 499.5, Diff: 0.1]
      [Ext Root Scanning (ms): Min: 0.1, Avg: 0.2, Max: 0.2, Diff: 0.1, Sum: 0.6]
      [Update RS (ms): Min: 0.3, Avg: 0.3, Max: 0.3, Diff: 0.0, Sum: 1.1]
         [Processed Buffers: Min: 1, Avg: 4.0, Max: 6, Diff: 5, Sum: 16]
      [Scan RS (ms): Min: 0.0, Avg: 0.0, Max: 0.0, Diff: 0.0, Sum: 0.1]
      [Code Root Scanning (ms): Min: 0.0, Avg: 0.0, Max: 0.0, Diff: 0.0, Sum: 0.0]
      [Object Copy (ms): Min: 80.1, Avg: 80.1, Max: 80.2, Diff: 0.1, Sum: 320.5]
      [Termination (ms): Min: 0.0, Avg: 0.1, Max: 0.2, Diff: 0.2, Sum: 0.4]
         [Termination Attempts: Min: 1, Avg: 1.0, Max: 1, Diff: 0, Sum: 4]
      [GC Worker Other (ms): Min: 0.0, Avg: 0.0, Max: 0.0, Diff: 0.0, Sum: 0.1]
      [GC Worker Total (ms): Min: 80.6, Avg: 80.7, Max: 80.7, Diff: 0.1, Sum: 322.8]
      [GC Worker End (ms): Min: 580.2, Avg: 580.2, Max: 580.2, Diff: 0.0]
   [Code Root Fixup: 0.0 ms]
   [Code Root Purge: 0.0 ms]
   [Clear CT: 0.2 ms]
   [Other: 2.7 ms]
      [Evacuation Failure: 1.8 ms]
      [Choose CSet: 0.0 ms]
      [Ref Proc: 0.3 ms]
      [Ref Enq: 0.0 ms]
      [Redirty Cards: 0.1 ms]
      [Humongous Register: 0.0 ms]
      [Humongous Reclaim: 0.1 ms]
      [Free CSet: 0.1 ms]
   [Eden: 225.0M(236.0M)->0.0B(79.0M) Survivors: 12.0M->31.0M Heap: 416.4M(512.0M)->314.6M(512.0M)]
 [Times: user=0.00 sys=0.06, real=0.08 secs] 
// root区扫描，此阶段标记所有从跟区域可达的存活对象。跟区域包括：非空的区域，以及在标记过程中不得不收集的区域
0.583: [GC concurrent-root-region-scan-start]
0.584: [GC concurrent-root-region-scan-end, 0.0002353 secs]
// 并发标记
0.584: [GC concurrent-mark-start]
0.590: [GC concurrent-mark-end, 0.0063813 secs]
// 再次标记
0.594: [GC remark 0.595: [Finalize Marking, 0.0001965 secs] 0.595: [GC ref-proc, 0.0001789 secs] 0.595: [Unloading, 0.0011407 secs], 0.0033950 secs]
 [Times: user=0.00 sys=0.00, real=0.00 secs] 
// 清理，为即将到来的转移阶段做准备，统计小堆块中所有存活的对象，并将小堆块进行排序，以提升gc效率
0.600: [GC cleanup 333M->332M(512M), 0.0011436 secs]
 [Times: user=0.00 sys=0.00, real=0.00 secs] 
0.601: [GC concurrent-cleanup-start]
0.601: [GC concurrent-cleanup-end, 0.0000143 secs]
0.629: [GC pause (G1 Evacuation Pause) (young), 0.0103951 secs]
   [Parallel Time: 9.8 ms, GC Workers: 4]
      [GC Worker Start (ms): Min: 629.6, Avg: 631.3, Max: 635.7, Diff: 6.2]
      [Ext Root Scanning (ms): Min: 0.0, Avg: 0.1, Max: 0.2, Diff: 0.2, Sum: 0.3]
      [Update RS (ms): Min: 0.0, Avg: 0.2, Max: 0.5, Diff: 0.5, Sum: 0.9]
         [Processed Buffers: Min: 0, Avg: 4.8, Max: 11, Diff: 11, Sum: 19]
      [Scan RS (ms): Min: 0.0, Avg: 0.0, Max: 0.0, Diff: 0.0, Sum: 0.0]
      [Code Root Scanning (ms): Min: 0.0, Avg: 0.0, Max: 0.0, Diff: 0.0, Sum: 0.0]
      [Object Copy (ms): Min: 3.3, Avg: 7.5, Max: 8.9, Diff: 5.6, Sum: 29.9]
      [Termination (ms): Min: 0.0, Avg: 0.2, Max: 0.3, Diff: 0.3, Sum: 0.8]
         [Termination Attempts: Min: 1, Avg: 1.0, Max: 1, Diff: 0, Sum: 4]
      [GC Worker Other (ms): Min: 0.0, Avg: 0.0, Max: 0.0, Diff: 0.0, Sum: 0.0]
      [GC Worker Total (ms): Min: 3.6, Avg: 8.0, Max: 9.8, Diff: 6.2, Sum: 32.0]
      [GC Worker End (ms): Min: 639.1, Avg: 639.3, Max: 639.4, Diff: 0.2]
   [Code Root Fixup: 0.0 ms]
   [Code Root Purge: 0.0 ms]
   [Clear CT: 0.0 ms]
   [Other: 0.5 ms]
      [Choose CSet: 0.0 ms]
      [Ref Proc: 0.3 ms]
      [Ref Enq: 0.0 ms]
      [Redirty Cards: 0.0 ms]
      [Humongous Register: 0.1 ms]
      [Humongous Reclaim: 0.0 ms]
      [Free CSet: 0.0 ms]
   [Eden: 79.0M(79.0M)->0.0B(11.0M) Survivors: 31.0M->14.0M Heap: 415.9M(512.0M)->342.8M(512.0M)]
 [Times: user=0.03 sys=0.00, real=0.01 secs] 
 // 转移暂停：混合模式。并发标记完成后，g1将执行一次混合收集，不止清理年轻代，还将一部分老年代区域也加入到collection set中，混合模式不一定紧跟并发标记阶段，可能会在中间有多次young模式的转移暂停
0.644: [GC pause (G1 Evacuation Pause) (mixed), 0.0045650 secs]
   [Parallel Time: 4.2 ms, GC Workers: 4]
      [GC Worker Start (ms): Min: 644.4, Avg: 646.5, Max: 648.6, Diff: 4.2]
      [Ext Root Scanning (ms): Min: 0.0, Avg: 0.1, Max: 0.2, Diff: 0.2, Sum: 0.3]
	  // 
      [Update RS (ms): Min: 0.0, Avg: 0.2, Max: 0.4, Diff: 0.4, Sum: 0.8]
	  // 各个worker处理了多少本次缓冲区
         [Processed Buffers: Min: 0, Avg: 4.3, Max: 11, Diff: 11, Sum: 17]
	// 用了多长时间扫描来自RSet的引用
      [Scan RS (ms): Min: 0.0, Avg: 0.0, Max: 0.0, Diff: 0.0, Sum: 0.1]
      [Code Root Scanning (ms): Min: 0.0, Avg: 0.0, Max: 0.0, Diff: 0.0, Sum: 0.0]
      [Object Copy (ms): Min: 0.0, Avg: 1.7, Max: 3.5, Diff: 3.5, Sum: 7.0]
      [Termination (ms): Min: 0.0, Avg: 0.1, Max: 0.1, Diff: 0.1, Sum: 0.2]
         [Termination Attempts: Min: 1, Avg: 1.0, Max: 1, Diff: 0, Sum: 4]
      [GC Worker Other (ms): Min: 0.0, Avg: 0.0, Max: 0.0, Diff: 0.0, Sum: 0.0]
      [GC Worker Total (ms): Min: 0.0, Avg: 2.1, Max: 4.2, Diff: 4.2, Sum: 8.5]
      [GC Worker End (ms): Min: 648.6, Avg: 648.6, Max: 648.6, Diff: 0.0]
   [Code Root Fixup: 0.0 ms]
   [Code Root Purge: 0.0 ms]
   [Clear CT: 0.0 ms]
   [Other: 0.3 ms]
      [Choose CSet: 0.0 ms]
      [Ref Proc: 0.1 ms]
      [Ref Enq: 0.0 ms]
      [Redirty Cards: 0.0 ms]
      [Humongous Register: 0.1 ms]
      [Humongous Reclaim: 0.0 ms]
      [Free CSet: 0.1 ms]
   [Eden: 11.0M(11.0M)->0.0B(22.0M) Survivors: 14.0M->3072.0K Heap: 360.7M(512.0M)->296.3M(512.0M)]
 [Times: user=0.03 sys=0.00, real=0.01 secs] 
0.655: [GC pause (G1 Evacuation Pause) (mixed), 0.0039434 secs]
   [Parallel Time: 3.6 ms, GC Workers: 4]
      [GC Worker Start (ms): Min: 654.7, Avg: 655.0, Max: 655.7, Diff: 1.0]
      [Ext Root Scanning (ms): Min: 0.0, Avg: 0.1, Max: 0.2, Diff: 0.2, Sum: 0.4]
      [Update RS (ms): Min: 0.0, Avg: 0.3, Max: 0.4, Diff: 0.4, Sum: 1.0]
         [Processed Buffers: Min: 0, Avg: 3.5, Max: 9, Diff: 9, Sum: 14]
      [Scan RS (ms): Min: 0.0, Avg: 0.0, Max: 0.0, Diff: 0.0, Sum: 0.1]
      [Code Root Scanning (ms): Min: 0.0, Avg: 0.0, Max: 0.0, Diff: 0.0, Sum: 0.0]
      [Object Copy (ms): Min: 2.5, Avg: 2.9, Max: 3.0, Diff: 0.5, Sum: 11.5]
      [Termination (ms): Min: 0.0, Avg: 0.0, Max: 0.1, Diff: 0.1, Sum: 0.1]
         [Termination Attempts: Min: 1, Avg: 1.0, Max: 1, Diff: 0, Sum: 4]
      [GC Worker Other (ms): Min: 0.0, Avg: 0.0, Max: 0.0, Diff: 0.0, Sum: 0.0]
      [GC Worker Total (ms): Min: 2.6, Avg: 3.3, Max: 3.6, Diff: 1.0, Sum: 13.3]
      [GC Worker End (ms): Min: 658.3, Avg: 658.3, Max: 658.3, Diff: 0.0]
   [Code Root Fixup: 0.0 ms]
   [Code Root Purge: 0.0 ms]
   [Clear CT: 0.0 ms]
   [Other: 0.3 ms]
      [Choose CSet: 0.0 ms]
      [Ref Proc: 0.0 ms]
      [Ref Enq: 0.0 ms]
      [Redirty Cards: 0.0 ms]
      [Humongous Register: 0.1 ms]
      [Humongous Reclaim: 0.0 ms]
      [Free CSet: 0.1 ms]
   [Eden: 22.0M(22.0M)->0.0B(21.0M) Survivors: 3072.0K->4096.0K Heap: 322.7M(512.0M)->264.9M(512.0M)]
 [Times: user=0.00 sys=0.00, real=0.00 secs] 
0.664: [GC pause (G1 Evacuation Pause) (mixed), 0.0040933 secs]
   [Parallel Time: 3.8 ms, GC Workers: 4]
      [GC Worker Start (ms): Min: 664.4, Avg: 664.5, Max: 664.6, Diff: 0.2]
      [Ext Root Scanning (ms): Min: 0.0, Avg: 0.1, Max: 0.2, Diff: 0.2, Sum: 0.5]
      [Update RS (ms): Min: 0.0, Avg: 0.2, Max: 0.3, Diff: 0.3, Sum: 1.0]
         [Processed Buffers: Min: 0, Avg: 3.8, Max: 8, Diff: 8, Sum: 15]
      [Scan RS (ms): Min: 0.0, Avg: 0.0, Max: 0.0, Diff: 0.0, Sum: 0.1]
      [Code Root Scanning (ms): Min: 0.0, Avg: 0.0, Max: 0.0, Diff: 0.0, Sum: 0.0]
      [Object Copy (ms): Min: 3.2, Avg: 3.3, Max: 3.6, Diff: 0.4, Sum: 13.2]
      [Termination (ms): Min: 0.0, Avg: 0.0, Max: 0.1, Diff: 0.1, Sum: 0.1]
         [Termination Attempts: Min: 1, Avg: 1.0, Max: 1, Diff: 0, Sum: 4]
      [GC Worker Other (ms): Min: 0.0, Avg: 0.0, Max: 0.0, Diff: 0.0, Sum: 0.0]
      [GC Worker Total (ms): Min: 3.6, Avg: 3.7, Max: 3.8, Diff: 0.2, Sum: 14.9]
      [GC Worker End (ms): Min: 668.2, Avg: 668.2, Max: 668.2, Diff: 0.0]
   [Code Root Fixup: 0.0 ms]
   [Code Root Purge: 0.0 ms]
   [Clear CT: 0.0 ms]
   [Other: 0.3 ms]
      [Choose CSet: 0.0 ms]
      [Ref Proc: 0.1 ms]
      [Ref Enq: 0.0 ms]
      [Redirty Cards: 0.0 ms]
      [Humongous Register: 0.1 ms]
      [Humongous Reclaim: 0.0 ms]
      [Free CSet: 0.0 ms]
   [Eden: 21.0M(21.0M)->0.0B(121.0M) Survivors: 4096.0K->4096.0K Heap: 293.9M(512.0M)->253.6M(512.0M)]
 [Times: user=0.03 sys=0.02, real=0.01 secs] 
0.669: [GC pause (G1 Humongous Allocation) (young) (initial-mark), 0.0013698 secs]
   [Parallel Time: 1.1 ms, GC Workers: 4]
      [GC Worker Start (ms): Min: 669.0, Avg: 669.0, Max: 669.2, Diff: 0.2]
      [Ext Root Scanning (ms): Min: 0.0, Avg: 0.3, Max: 1.0, Diff: 1.0, Sum: 1.3]
      [Update RS (ms): Min: 0.0, Avg: 0.1, Max: 0.2, Diff: 0.2, Sum: 0.4]
         [Processed Buffers: Min: 0, Avg: 1.3, Max: 2, Diff: 2, Sum: 5]
      [Scan RS (ms): Min: 0.0, Avg: 0.0, Max: 0.0, Diff: 0.0, Sum: 0.0]
      [Code Root Scanning (ms): Min: 0.0, Avg: 0.0, Max: 0.0, Diff: 0.0, Sum: 0.0]
      [Object Copy (ms): Min: 0.0, Avg: 0.5, Max: 0.7, Diff: 0.7, Sum: 1.9]
      [Termination (ms): Min: 0.0, Avg: 0.1, Max: 0.1, Diff: 0.1, Sum: 0.3]
         [Termination Attempts: Min: 1, Avg: 1.0, Max: 1, Diff: 0, Sum: 4]
      [GC Worker Other (ms): Min: 0.0, Avg: 0.0, Max: 0.0, Diff: 0.0, Sum: 0.0]
      [GC Worker Total (ms): Min: 0.9, Avg: 1.0, Max: 1.1, Diff: 0.2, Sum: 4.0]
      [GC Worker End (ms): Min: 670.0, Avg: 670.0, Max: 670.1, Diff: 0.1]
   [Code Root Fixup: 0.0 ms]
   [Code Root Purge: 0.0 ms]
   [Clear CT: 0.0 ms]
   [Other: 0.3 ms]
      [Choose CSet: 0.0 ms]
      [Ref Proc: 0.1 ms]
      [Ref Enq: 0.0 ms]
      [Redirty Cards: 0.0 ms]
      [Humongous Register: 0.0 ms]
      [Humongous Reclaim: 0.0 ms]
      [Free CSet: 0.0 ms]
   [Eden: 2048.0K(121.0M)->0.0B(126.0M) Survivors: 4096.0K->5120.0K Heap: 255.5M(512.0M)->254.2M(512.0M)]
 [Times: user=0.00 sys=0.00, real=0.00 secs] 
0.671: [GC concurrent-root-region-scan-start]
0.671: [GC concurrent-root-region-scan-end, 0.0001968 secs]
0.671: [GC concurrent-mark-start]
0.674: [GC concurrent-mark-end, 0.0031707 secs]
0.675: [GC remark 0.675: [Finalize Marking, 0.0000913 secs] 0.675: [GC ref-proc, 0.0000964 secs] 0.675: [Unloading, 0.0005898 secs], 0.0018822 secs]
 [Times: user=0.00 sys=0.00, real=0.00 secs] 
0.677: [GC cleanup 267M->266M(512M), 0.0002716 secs]
 [Times: user=0.00 sys=0.00, real=0.00 secs] 
0.677: [GC concurrent-cleanup-start]
0.677: [GC concurrent-cleanup-end, 0.0000066 secs]
0.702: [GC pause (G1 Evacuation Pause) (young), 0.0077005 secs]
   [Parallel Time: 7.2 ms, GC Workers: 4]
      [GC Worker Start (ms): Min: 702.4, Avg: 702.4, Max: 702.4, Diff: 0.0]
      [Ext Root Scanning (ms): Min: 0.2, Avg: 0.8, Max: 2.5, Diff: 2.3, Sum: 3.0]
      [Update RS (ms): Min: 0.0, Avg: 0.3, Max: 0.5, Diff: 0.5, Sum: 1.3]
         [Processed Buffers: Min: 0, Avg: 5.3, Max: 7, Diff: 7, Sum: 21]
      [Scan RS (ms): Min: 0.0, Avg: 0.0, Max: 0.0, Diff: 0.0, Sum: 0.0]
      [Code Root Scanning (ms): Min: 0.0, Avg: 0.0, Max: 0.0, Diff: 0.0, Sum: 0.0]
      [Object Copy (ms): Min: 4.6, Avg: 6.0, Max: 6.5, Diff: 1.9, Sum: 24.1]
      [Termination (ms): Min: 0.0, Avg: 0.0, Max: 0.1, Diff: 0.1, Sum: 0.2]
         [Termination Attempts: Min: 1, Avg: 1.0, Max: 1, Diff: 0, Sum: 4]
      [GC Worker Other (ms): Min: 0.0, Avg: 0.0, Max: 0.0, Diff: 0.0, Sum: 0.0]
      [GC Worker Total (ms): Min: 7.2, Avg: 7.2, Max: 7.2, Diff: 0.1, Sum: 28.8]
      [GC Worker End (ms): Min: 709.6, Avg: 709.6, Max: 709.6, Diff: 0.0]
   [Code Root Fixup: 0.0 ms]
   [Code Root Purge: 0.0 ms]
   [Clear CT: 0.1 ms]
   [Other: 0.4 ms]
      [Choose CSet: 0.0 ms]
      [Ref Proc: 0.1 ms]
      [Ref Enq: 0.0 ms]
      [Redirty Cards: 0.0 ms]
      [Humongous Register: 0.1 ms]
      [Humongous Reclaim: 0.1 ms]
      [Free CSet: 0.1 ms]
   [Eden: 126.0M(126.0M)->0.0B(8192.0K) Survivors: 5120.0K->17.0M Heap: 402.8M(512.0M)->298.2M(512.0M)]
 [Times: user=0.00 sys=0.00, real=0.01 secs] 
0.713: [GC pause (G1 Evacuation Pause) (mixed), 0.0061266 secs]
   [Parallel Time: 5.8 ms, GC Workers: 4]
      [GC Worker Start (ms): Min: 712.8, Avg: 713.0, Max: 713.4, Diff: 0.6]
      [Ext Root Scanning (ms): Min: 0.0, Avg: 0.1, Max: 0.2, Diff: 0.2, Sum: 0.4]
      [Update RS (ms): Min: 0.0, Avg: 0.3, Max: 0.4, Diff: 0.4, Sum: 1.2]
         [Processed Buffers: Min: 0, Avg: 4.3, Max: 6, Diff: 6, Sum: 17]
      [Scan RS (ms): Min: 0.0, Avg: 0.0, Max: 0.0, Diff: 0.0, Sum: 0.1]
      [Code Root Scanning (ms): Min: 0.0, Avg: 0.0, Max: 0.0, Diff: 0.0, Sum: 0.0]
      [Object Copy (ms): Min: 5.1, Avg: 5.1, Max: 5.2, Diff: 0.0, Sum: 20.5]
      [Termination (ms): Min: 0.0, Avg: 0.0, Max: 0.1, Diff: 0.1, Sum: 0.2]
         [Termination Attempts: Min: 1, Avg: 1.0, Max: 1, Diff: 0, Sum: 4]
      [GC Worker Other (ms): Min: 0.0, Avg: 0.0, Max: 0.0, Diff: 0.0, Sum: 0.0]
      [GC Worker Total (ms): Min: 5.1, Avg: 5.6, Max: 5.8, Diff: 0.7, Sum: 22.4]
      [GC Worker End (ms): Min: 718.5, Avg: 718.5, Max: 718.6, Diff: 0.0]
   [Code Root Fixup: 0.0 ms]
   [Code Root Purge: 0.0 ms]
   [Clear CT: 0.0 ms]
   [Other: 0.3 ms]
      [Choose CSet: 0.0 ms]
      [Ref Proc: 0.0 ms]
      [Ref Enq: 0.0 ms]
      [Redirty Cards: 0.0 ms]
      [Humongous Register: 0.1 ms]
      [Humongous Reclaim: 0.0 ms]
      [Free CSet: 0.0 ms]
   [Eden: 8192.0K(8192.0K)->0.0B(100.0M) Survivors: 17.0M->3072.0K Heap: 308.8M(512.0M)->284.8M(512.0M)]
 [Times: user=0.00 sys=0.00, real=0.01 secs] 
0.720: [GC pause (G1 Humongous Allocation) (young) (initial-mark), 0.0012668 secs]
   [Parallel Time: 0.9 ms, GC Workers: 4]
      [GC Worker Start (ms): Min: 719.6, Avg: 719.6, Max: 719.6, Diff: 0.0]
      [Ext Root Scanning (ms): Min: 0.2, Avg: 0.3, Max: 0.8, Diff: 0.7, Sum: 1.3]
      [Update RS (ms): Min: 0.0, Avg: 0.1, Max: 0.1, Diff: 0.1, Sum: 0.3]
         [Processed Buffers: Min: 0, Avg: 1.3, Max: 2, Diff: 2, Sum: 5]
      [Scan RS (ms): Min: 0.0, Avg: 0.0, Max: 0.0, Diff: 0.0, Sum: 0.0]
      [Code Root Scanning (ms): Min: 0.0, Avg: 0.0, Max: 0.0, Diff: 0.0, Sum: 0.0]
      [Object Copy (ms): Min: 0.0, Avg: 0.4, Max: 0.6, Diff: 0.6, Sum: 1.6]
      [Termination (ms): Min: 0.0, Avg: 0.0, Max: 0.1, Diff: 0.1, Sum: 0.1]
         [Termination Attempts: Min: 1, Avg: 1.0, Max: 1, Diff: 0, Sum: 4]
      [GC Worker Other (ms): Min: 0.0, Avg: 0.0, Max: 0.0, Diff: 0.0, Sum: 0.0]
      [GC Worker Total (ms): Min: 0.8, Avg: 0.9, Max: 0.9, Diff: 0.0, Sum: 3.4]
      [GC Worker End (ms): Min: 720.5, Avg: 720.5, Max: 720.5, Diff: 0.1]
   [Code Root Fixup: 0.0 ms]
   [Code Root Purge: 0.0 ms]
   [Clear CT: 0.0 ms]
   [Other: 0.3 ms]
      [Choose CSet: 0.0 ms]
      [Ref Proc: 0.1 ms]
      [Ref Enq: 0.0 ms]
      [Redirty Cards: 0.0 ms]
      [Humongous Register: 0.1 ms]
      [Humongous Reclaim: 0.0 ms]
      [Free CSet: 0.0 ms]
   [Eden: 3072.0K(100.0M)->0.0B(99.0M) Survivors: 3072.0K->4096.0K Heap: 287.7M(512.0M)->286.0M(512.0M)]
 [Times: user=0.00 sys=0.00, real=0.00 secs] 
0.721: [GC concurrent-root-region-scan-start]
0.721: [GC concurrent-root-region-scan-end, 0.0001232 secs]
0.721: [GC concurrent-mark-start]
0.725: [GC concurrent-mark-end, 0.0036776 secs]
0.725: [GC remark 0.725: [Finalize Marking, 0.0000733 secs] 0.725: [GC ref-proc, 0.0000652 secs] 0.725: [Unloading, 0.0005619 secs], 0.0018335 secs]
 [Times: user=0.05 sys=0.00, real=0.00 secs] 
0.727: [GC cleanup 307M->307M(512M), 0.0004014 secs]
 [Times: user=0.00 sys=0.00, real=0.00 secs] 
0.746: [GC pause (G1 Evacuation Pause) (young), 0.0058531 secs]
   [Parallel Time: 5.5 ms, GC Workers: 4]
      [GC Worker Start (ms): Min: 745.9, Avg: 745.9, Max: 745.9, Diff: 0.0]
      [Ext Root Scanning (ms): Min: 0.1, Avg: 0.1, Max: 0.1, Diff: 0.0, Sum: 0.6]
      [Update RS (ms): Min: 0.4, Avg: 0.4, Max: 0.4, Diff: 0.0, Sum: 1.5]
         [Processed Buffers: Min: 3, Avg: 5.3, Max: 6, Diff: 3, Sum: 21]
      [Scan RS (ms): Min: 0.0, Avg: 0.0, Max: 0.0, Diff: 0.0, Sum: 0.0]
      [Code Root Scanning (ms): Min: 0.0, Avg: 0.0, Max: 0.0, Diff: 0.0, Sum: 0.0]
      [Object Copy (ms): Min: 4.8, Avg: 4.8, Max: 4.9, Diff: 0.0, Sum: 19.4]
      [Termination (ms): Min: 0.0, Avg: 0.0, Max: 0.1, Diff: 0.1, Sum: 0.2]
         [Termination Attempts: Min: 1, Avg: 1.0, Max: 1, Diff: 0, Sum: 4]
      [GC Worker Other (ms): Min: 0.0, Avg: 0.0, Max: 0.0, Diff: 0.0, Sum: 0.0]
      [GC Worker Total (ms): Min: 5.4, Avg: 5.4, Max: 5.4, Diff: 0.0, Sum: 21.7]
      [GC Worker End (ms): Min: 751.3, Avg: 751.3, Max: 751.3, Diff: 0.0]
   [Code Root Fixup: 0.0 ms]
   [Code Root Purge: 0.0 ms]
   [Clear CT: 0.1 ms]
   [Other: 0.3 ms]
      [Choose CSet: 0.0 ms]
      [Ref Proc: 0.0 ms]
      [Ref Enq: 0.0 ms]
      [Redirty Cards: 0.0 ms]
      [Humongous Register: 0.1 ms]
      [Humongous Reclaim: 0.1 ms]
      [Free CSet: 0.1 ms]
   [Eden: 99.0M(99.0M)->0.0B(12.0M) Survivors: 4096.0K->13.0M Heap: 404.5M(512.0M)->317.2M(512.0M)]
 [Times: user=0.00 sys=0.00, real=0.01 secs] 
0.756: [GC pause (G1 Evacuation Pause) (mixed), 0.0068714 secs]
   [Parallel Time: 6.5 ms, GC Workers: 4]
      [GC Worker Start (ms): Min: 755.7, Avg: 755.7, Max: 755.7, Diff: 0.0]
      [Ext Root Scanning (ms): Min: 0.1, Avg: 0.1, Max: 0.2, Diff: 0.0, Sum: 0.6]
      [Update RS (ms): Min: 0.2, Avg: 0.2, Max: 0.3, Diff: 0.0, Sum: 1.0]
         [Processed Buffers: Min: 3, Avg: 3.5, Max: 4, Diff: 1, Sum: 14]
      [Scan RS (ms): Min: 0.0, Avg: 0.1, Max: 0.1, Diff: 0.1, Sum: 0.2]
      [Code Root Scanning (ms): Min: 0.0, Avg: 0.0, Max: 0.0, Diff: 0.0, Sum: 0.0]
      [Object Copy (ms): Min: 5.7, Avg: 5.9, Max: 6.0, Diff: 0.2, Sum: 23.5]
      [Termination (ms): Min: 0.0, Avg: 0.1, Max: 0.2, Diff: 0.2, Sum: 0.4]
         [Termination Attempts: Min: 1, Avg: 1.0, Max: 1, Diff: 0, Sum: 4]
      [GC Worker Other (ms): Min: 0.0, Avg: 0.0, Max: 0.0, Diff: 0.0, Sum: 0.1]
      [GC Worker Total (ms): Min: 6.4, Avg: 6.4, Max: 6.4, Diff: 0.0, Sum: 25.7]
      [GC Worker End (ms): Min: 762.1, Avg: 762.1, Max: 762.1, Diff: 0.0]
   [Code Root Fixup: 0.0 ms]
   [Code Root Purge: 0.0 ms]
   [Clear CT: 0.1 ms]
   [Other: 0.3 ms]
      [Choose CSet: 0.0 ms]
      [Ref Proc: 0.1 ms]
      [Ref Enq: 0.0 ms]
      [Redirty Cards: 0.0 ms]
      [Humongous Register: 0.1 ms]
      [Humongous Reclaim: 0.0 ms]
      [Free CSet: 0.1 ms]
   [Eden: 12.0M(12.0M)->0.0B(91.0M) Survivors: 13.0M->4096.0K Heap: 330.3M(512.0M)->294.6M(512.0M)]
 [Times: user=0.02 sys=0.05, real=0.01 secs] 
0.766: [GC pause (G1 Humongous Allocation) (young) (initial-mark), 0.0021201 secs]
   [Parallel Time: 1.7 ms, GC Workers: 4]
      [GC Worker Start (ms): Min: 766.0, Avg: 766.0, Max: 766.0, Diff: 0.0]
      [Ext Root Scanning (ms): Min: 0.1, Avg: 0.1, Max: 0.2, Diff: 0.0, Sum: 0.6]
      [Update RS (ms): Min: 0.1, Avg: 0.2, Max: 0.5, Diff: 0.4, Sum: 0.9]
         [Processed Buffers: Min: 1, Avg: 1.3, Max: 2, Diff: 1, Sum: 5]
      [Scan RS (ms): Min: 0.0, Avg: 0.0, Max: 0.0, Diff: 0.0, Sum: 0.0]
      [Code Root Scanning (ms): Min: 0.0, Avg: 0.0, Max: 0.0, Diff: 0.0, Sum: 0.0]
      [Object Copy (ms): Min: 1.0, Avg: 1.3, Max: 1.5, Diff: 0.5, Sum: 5.2]
      [Termination (ms): Min: 0.0, Avg: 0.0, Max: 0.1, Diff: 0.1, Sum: 0.2]
         [Termination Attempts: Min: 1, Avg: 1.0, Max: 1, Diff: 0, Sum: 4]
      [GC Worker Other (ms): Min: 0.0, Avg: 0.0, Max: 0.0, Diff: 0.0, Sum: 0.0]
      [GC Worker Total (ms): Min: 1.7, Avg: 1.7, Max: 1.7, Diff: 0.0, Sum: 6.8]
      [GC Worker End (ms): Min: 767.7, Avg: 767.7, Max: 767.7, Diff: 0.0]
   [Code Root Fixup: 0.0 ms]
   [Code Root Purge: 0.0 ms]
   [Clear CT: 0.0 ms]
   [Other: 0.3 ms]
      [Choose CSet: 0.0 ms]
      [Ref Proc: 0.1 ms]
      [Ref Enq: 0.0 ms]
      [Redirty Cards: 0.0 ms]
      [Humongous Register: 0.1 ms]
      [Humongous Reclaim: 0.0 ms]
      [Free CSet: 0.0 ms]
   [Eden: 18.0M(91.0M)->0.0B(86.0M) Survivors: 4096.0K->9216.0K Heap: 311.9M(512.0M)->297.8M(512.0M)]
 [Times: user=0.00 sys=0.00, real=0.00 secs] 
0.768: [GC concurrent-root-region-scan-start]
0.768: [GC concurrent-root-region-scan-end, 0.0001235 secs]
0.768: [GC concurrent-mark-start]
0.772: [GC concurrent-mark-end, 0.0034273 secs]
0.772: [GC remark 0.772: [Finalize Marking, 0.0000715 secs] 0.772: [GC ref-proc, 0.0000700 secs] 0.772: [Unloading, 0.0005044 secs], 0.0017569 secs]
 [Times: user=0.06 sys=0.00, real=0.00 secs] 
0.774: [GC cleanup 313M->313M(512M), 0.0002639 secs]
 [Times: user=0.00 sys=0.00, real=0.00 secs] 
0.791: [GC pause (G1 Evacuation Pause) (young), 0.0064667 secs]
   [Parallel Time: 6.1 ms, GC Workers: 4]
      [GC Worker Start (ms): Min: 791.4, Avg: 791.4, Max: 791.5, Diff: 0.0]
      [Ext Root Scanning (ms): Min: 0.1, Avg: 0.1, Max: 0.1, Diff: 0.0, Sum: 0.6]
      [Update RS (ms): Min: 0.5, Avg: 0.5, Max: 0.5, Diff: 0.1, Sum: 2.0]
         [Processed Buffers: Min: 3, Avg: 6.8, Max: 9, Diff: 6, Sum: 27]
      [Scan RS (ms): Min: 0.0, Avg: 0.0, Max: 0.0, Diff: 0.0, Sum: 0.0]
      [Code Root Scanning (ms): Min: 0.0, Avg: 0.0, Max: 0.0, Diff: 0.0, Sum: 0.0]
      [Object Copy (ms): Min: 5.2, Avg: 5.2, Max: 5.3, Diff: 0.1, Sum: 21.0]
      [Termination (ms): Min: 0.0, Avg: 0.1, Max: 0.2, Diff: 0.2, Sum: 0.4]
         [Termination Attempts: Min: 1, Avg: 1.0, Max: 1, Diff: 0, Sum: 4]
      [GC Worker Other (ms): Min: 0.0, Avg: 0.0, Max: 0.0, Diff: 0.0, Sum: 0.0]
      [GC Worker Total (ms): Min: 6.0, Avg: 6.0, Max: 6.0, Diff: 0.0, Sum: 24.0]
      [GC Worker End (ms): Min: 797.4, Avg: 797.4, Max: 797.5, Diff: 0.1]
   [Code Root Fixup: 0.0 ms]
   [Code Root Purge: 0.0 ms]
   [Clear CT: 0.1 ms]
   [Other: 0.3 ms]
      [Choose CSet: 0.0 ms]
      [Ref Proc: 0.0 ms]
      [Ref Enq: 0.0 ms]
      [Redirty Cards: 0.0 ms]
      [Humongous Register: 0.1 ms]
      [Humongous Reclaim: 0.1 ms]
      [Free CSet: 0.1 ms]
   [Eden: 86.0M(86.0M)->0.0B(13.0M) Survivors: 9216.0K->12.0M Heap: 412.0M(512.0M)->333.3M(512.0M)]
 [Times: user=0.00 sys=0.00, real=0.01 secs] 
0.802: [GC pause (G1 Evacuation Pause) (mixed), 0.0069572 secs]
   [Parallel Time: 6.6 ms, GC Workers: 4]
      [GC Worker Start (ms): Min: 801.7, Avg: 801.7, Max: 801.7, Diff: 0.0]
      [Ext Root Scanning (ms): Min: 0.1, Avg: 0.1, Max: 0.2, Diff: 0.0, Sum: 0.6]
      [Update RS (ms): Min: 0.3, Avg: 0.4, Max: 0.4, Diff: 0.0, Sum: 1.5]
         [Processed Buffers: Min: 4, Avg: 5.5, Max: 6, Diff: 2, Sum: 22]
      [Scan RS (ms): Min: 0.0, Avg: 0.0, Max: 0.1, Diff: 0.0, Sum: 0.2]
      [Code Root Scanning (ms): Min: 0.0, Avg: 0.0, Max: 0.0, Diff: 0.0, Sum: 0.0]
      [Object Copy (ms): Min: 5.8, Avg: 5.8, Max: 5.8, Diff: 0.1, Sum: 23.1]
      [Termination (ms): Min: 0.0, Avg: 0.1, Max: 0.2, Diff: 0.2, Sum: 0.4]
         [Termination Attempts: Min: 1, Avg: 1.0, Max: 1, Diff: 0, Sum: 4]
      [GC Worker Other (ms): Min: 0.0, Avg: 0.0, Max: 0.0, Diff: 0.0, Sum: 0.0]
      [GC Worker Total (ms): Min: 6.4, Avg: 6.4, Max: 6.5, Diff: 0.1, Sum: 25.7]
      [GC Worker End (ms): Min: 808.1, Avg: 808.1, Max: 808.2, Diff: 0.2]
   [Code Root Fixup: 0.0 ms]
   [Code Root Purge: 0.0 ms]
   [Clear CT: 0.1 ms]
   [Other: 0.3 ms]
      [Choose CSet: 0.0 ms]
      [Ref Proc: 0.0 ms]
      [Ref Enq: 0.0 ms]
      [Redirty Cards: 0.0 ms]
      [Humongous Register: 0.1 ms]
      [Humongous Reclaim: 0.0 ms]
      [Free CSet: 0.1 ms]
   [Eden: 13.0M(13.0M)->0.0B(70.0M) Survivors: 12.0M->3072.0K Heap: 348.3M(512.0M)->315.2M(512.0M)]
 [Times: user=0.06 sys=0.00, real=0.01 secs] 
0.809: [GC pause (G1 Humongous Allocation) (young) (initial-mark), 0.0011216 secs]
   [Parallel Time: 0.8 ms, GC Workers: 4]
      [GC Worker Start (ms): Min: 809.3, Avg: 809.3, Max: 809.5, Diff: 0.2]
      [Ext Root Scanning (ms): Min: 0.0, Avg: 0.1, Max: 0.2, Diff: 0.2, Sum: 0.5]
      [Update RS (ms): Min: 0.1, Avg: 0.1, Max: 0.1, Diff: 0.1, Sum: 0.5]
         [Processed Buffers: Min: 1, Avg: 1.3, Max: 2, Diff: 1, Sum: 5]
      [Scan RS (ms): Min: 0.0, Avg: 0.0, Max: 0.0, Diff: 0.0, Sum: 0.0]
      [Code Root Scanning (ms): Min: 0.0, Avg: 0.0, Max: 0.0, Diff: 0.0, Sum: 0.0]
      [Object Copy (ms): Min: 0.4, Avg: 0.4, Max: 0.5, Diff: 0.0, Sum: 1.7]
      [Termination (ms): Min: 0.0, Avg: 0.1, Max: 0.1, Diff: 0.1, Sum: 0.2]
         [Termination Attempts: Min: 1, Avg: 1.0, Max: 1, Diff: 0, Sum: 4]
      [GC Worker Other (ms): Min: 0.0, Avg: 0.0, Max: 0.0, Diff: 0.0, Sum: 0.0]
      [GC Worker Total (ms): Min: 0.6, Avg: 0.7, Max: 0.8, Diff: 0.2, Sum: 3.0]
      [GC Worker End (ms): Min: 810.0, Avg: 810.1, Max: 810.1, Diff: 0.1]
   [Code Root Fixup: 0.0 ms]
   [Code Root Purge: 0.0 ms]
   [Clear CT: 0.0 ms]
   [Other: 0.3 ms]
      [Choose CSet: 0.0 ms]
      [Ref Proc: 0.0 ms]
      [Ref Enq: 0.0 ms]
      [Redirty Cards: 0.0 ms]
      [Humongous Register: 0.1 ms]
      [Humongous Reclaim: 0.0 ms]
      [Free CSet: 0.0 ms]
   [Eden: 3072.0K(70.0M)->0.0B(73.0M) Survivors: 3072.0K->4096.0K Heap: 317.7M(512.0M)->316.1M(512.0M)]
 [Times: user=0.00 sys=0.00, real=0.00 secs] 
0.810: [GC concurrent-root-region-scan-start]
0.811: [GC concurrent-root-region-scan-end, 0.0001415 secs]
0.811: [GC concurrent-mark-start]
0.813: [GC concurrent-mark-end, 0.0028452 secs]
0.814: [GC remark 0.814: [Finalize Marking, 0.0000418 secs] 0.814: [GC ref-proc, 0.0000656 secs] 0.814: [Unloading, 0.0005029 secs], 0.0017899 secs]
 [Times: user=0.00 sys=0.00, real=0.00 secs] 
0.815: [GC cleanup 334M->334M(512M), 0.0002764 secs]
 [Times: user=0.00 sys=0.00, real=0.00 secs] 
0.831: [GC pause (G1 Evacuation Pause) (young) (to-space exhausted), 0.0045405 secs]
   [Parallel Time: 4.2 ms, GC Workers: 4]
      [GC Worker Start (ms): Min: 831.6, Avg: 831.6, Max: 831.6, Diff: 0.0]
      [Ext Root Scanning (ms): Min: 0.1, Avg: 0.1, Max: 0.1, Diff: 0.0, Sum: 0.6]
      [Update RS (ms): Min: 0.4, Avg: 0.4, Max: 0.4, Diff: 0.0, Sum: 1.7]
         [Processed Buffers: Min: 1, Avg: 5.3, Max: 7, Diff: 6, Sum: 21]
      [Scan RS (ms): Min: 0.0, Avg: 0.0, Max: 0.0, Diff: 0.0, Sum: 0.0]
      [Code Root Scanning (ms): Min: 0.0, Avg: 0.0, Max: 0.0, Diff: 0.0, Sum: 0.0]
      [Object Copy (ms): Min: 3.6, Avg: 3.6, Max: 3.6, Diff: 0.0, Sum: 14.3]
      [Termination (ms): Min: 0.0, Avg: 0.0, Max: 0.0, Diff: 0.0, Sum: 0.0]
         [Termination Attempts: Min: 1, Avg: 1.0, Max: 1, Diff: 0, Sum: 4]
      [GC Worker Other (ms): Min: 0.0, Avg: 0.0, Max: 0.0, Diff: 0.0, Sum: 0.1]
      [GC Worker Total (ms): Min: 4.1, Avg: 4.2, Max: 4.2, Diff: 0.0, Sum: 16.6]
      [GC Worker End (ms): Min: 835.7, Avg: 835.7, Max: 835.7, Diff: 0.0]
   [Code Root Fixup: 0.0 ms]
   [Code Root Purge: 0.0 ms]
   [Clear CT: 0.0 ms]
   [Other: 0.3 ms]
      [Evacuation Failure: 0.1 ms]
      [Choose CSet: 0.0 ms]
      [Ref Proc: 0.0 ms]
      [Ref Enq: 0.0 ms]
      [Redirty Cards: 0.0 ms]
      [Humongous Register: 0.1 ms]
      [Humongous Reclaim: 0.1 ms]
      [Free CSet: 0.0 ms]
   [Eden: 73.0M(73.0M)->0.0B(15.0M) Survivors: 4096.0K->10.0M Heap: 420.5M(512.0M)->359.1M(512.0M)]
 [Times: user=0.06 sys=0.00, real=0.00 secs] 
0.839: [GC pause (G1 Evacuation Pause) (mixed), 0.0065899 secs]
   [Parallel Time: 6.2 ms, GC Workers: 4]
      [GC Worker Start (ms): Min: 839.0, Avg: 839.2, Max: 839.7, Diff: 0.6]
      [Ext Root Scanning (ms): Min: 0.0, Avg: 0.1, Max: 0.2, Diff: 0.2, Sum: 0.5]
      [Update RS (ms): Min: 0.0, Avg: 0.2, Max: 0.3, Diff: 0.3, Sum: 0.7]
         [Processed Buffers: Min: 0, Avg: 2.8, Max: 4, Diff: 4, Sum: 11]
      [Scan RS (ms): Min: 0.0, Avg: 0.0, Max: 0.1, Diff: 0.1, Sum: 0.1]
      [Code Root Scanning (ms): Min: 0.0, Avg: 0.0, Max: 0.0, Diff: 0.0, Sum: 0.0]
      [Object Copy (ms): Min: 5.4, Avg: 5.6, Max: 5.6, Diff: 0.2, Sum: 22.3]
      [Termination (ms): Min: 0.0, Avg: 0.0, Max: 0.1, Diff: 0.1, Sum: 0.2]
         [Termination Attempts: Min: 1, Avg: 1.0, Max: 1, Diff: 0, Sum: 4]
      [GC Worker Other (ms): Min: 0.0, Avg: 0.0, Max: 0.0, Diff: 0.0, Sum: 0.0]
      [GC Worker Total (ms): Min: 5.5, Avg: 6.0, Max: 6.1, Diff: 0.6, Sum: 23.9]
      [GC Worker End (ms): Min: 845.2, Avg: 845.2, Max: 845.2, Diff: 0.0]
   [Code Root Fixup: 0.0 ms]
   [Code Root Purge: 0.0 ms]
   [Clear CT: 0.1 ms]
   [Other: 0.4 ms]
      [Choose CSet: 0.0 ms]
      [Ref Proc: 0.1 ms]
      [Ref Enq: 0.0 ms]
      [Redirty Cards: 0.0 ms]
      [Humongous Register: 0.1 ms]
      [Humongous Reclaim: 0.0 ms]
      [Free CSet: 0.1 ms]
   [Eden: 15.0M(15.0M)->0.0B(52.0M) Survivors: 10.0M->4096.0K Heap: 374.6M(512.0M)->339.2M(512.0M)]
 [Times: user=0.00 sys=0.00, real=0.01 secs] 
0.846: [GC pause (G1 Humongous Allocation) (young) (initial-mark), 0.0012272 secs]
   [Parallel Time: 1.0 ms, GC Workers: 4]
      [GC Worker Start (ms): Min: 846.2, Avg: 846.2, Max: 846.2, Diff: 0.0]
      [Ext Root Scanning (ms): Min: 0.1, Avg: 0.1, Max: 0.1, Diff: 0.0, Sum: 0.6]
      [Update RS (ms): Min: 0.1, Avg: 0.1, Max: 0.1, Diff: 0.0, Sum: 0.5]
         [Processed Buffers: Min: 1, Avg: 1.3, Max: 2, Diff: 1, Sum: 5]
      [Scan RS (ms): Min: 0.0, Avg: 0.0, Max: 0.0, Diff: 0.0, Sum: 0.0]
      [Code Root Scanning (ms): Min: 0.0, Avg: 0.0, Max: 0.0, Diff: 0.0, Sum: 0.0]
      [Object Copy (ms): Min: 0.6, Avg: 0.6, Max: 0.7, Diff: 0.1, Sum: 2.5]
      [Termination (ms): Min: 0.0, Avg: 0.0, Max: 0.1, Diff: 0.1, Sum: 0.1]
         [Termination Attempts: Min: 1, Avg: 1.0, Max: 1, Diff: 0, Sum: 4]
      [GC Worker Other (ms): Min: 0.0, Avg: 0.0, Max: 0.0, Diff: 0.0, Sum: 0.0]
      [GC Worker Total (ms): Min: 0.9, Avg: 0.9, Max: 0.9, Diff: 0.0, Sum: 3.8]
      [GC Worker End (ms): Min: 847.2, Avg: 847.2, Max: 847.2, Diff: 0.0]
   [Code Root Fixup: 0.0 ms]
   [Code Root Purge: 0.0 ms]
   [Clear CT: 0.0 ms]
   [Other: 0.2 ms]
      [Choose CSet: 0.0 ms]
      [Ref Proc: 0.0 ms]
      [Ref Enq: 0.0 ms]
      [Redirty Cards: 0.0 ms]
      [Humongous Register: 0.1 ms]
      [Humongous Reclaim: 0.0 ms]
      [Free CSet: 0.0 ms]
   [Eden: 3072.0K(52.0M)->0.0B(50.0M) Survivors: 4096.0K->6144.0K Heap: 341.7M(512.0M)->339.8M(512.0M)]
 [Times: user=0.00 sys=0.00, real=0.00 secs] 
0.847: [GC concurrent-root-region-scan-start]
0.848: [GC concurrent-root-region-scan-end, 0.0000946 secs]
0.848: [GC concurrent-mark-start]
0.851: [GC concurrent-mark-end, 0.0031201 secs]
0.851: [GC remark 0.851: [Finalize Marking, 0.0000542 secs] 0.851: [GC ref-proc, 0.0000660 secs] 0.851: [Unloading, 0.0005022 secs], 0.0019786 secs]
 [Times: user=0.02 sys=0.01, real=0.00 secs] 
0.853: [GC cleanup 358M->357M(512M), 0.0002643 secs]
 [Times: user=0.00 sys=0.00, real=0.00 secs] 
0.853: [GC concurrent-cleanup-start]
0.853: [GC concurrent-cleanup-end, 0.0000059 secs]
0.863: [GC pause (G1 Evacuation Pause) (young), 0.0037634 secs]
   [Parallel Time: 3.5 ms, GC Workers: 4]
      [GC Worker Start (ms): Min: 862.8, Avg: 862.8, Max: 862.8, Diff: 0.0]
      [Ext Root Scanning (ms): Min: 0.1, Avg: 0.1, Max: 0.1, Diff: 0.0, Sum: 0.5]
      [Update RS (ms): Min: 0.4, Avg: 0.4, Max: 0.4, Diff: 0.0, Sum: 1.7]
         [Processed Buffers: Min: 2, Avg: 5.5, Max: 7, Diff: 5, Sum: 22]
      [Scan RS (ms): Min: 0.0, Avg: 0.0, Max: 0.0, Diff: 0.0, Sum: 0.0]
      [Code Root Scanning (ms): Min: 0.0, Avg: 0.0, Max: 0.0, Diff: 0.0, Sum: 0.0]
      [Object Copy (ms): Min: 2.8, Avg: 2.9, Max: 2.9, Diff: 0.1, Sum: 11.4]
      [Termination (ms): Min: 0.0, Avg: 0.0, Max: 0.1, Diff: 0.1, Sum: 0.1]
         [Termination Attempts: Min: 1, Avg: 1.0, Max: 1, Diff: 0, Sum: 4]
      [GC Worker Other (ms): Min: 0.0, Avg: 0.0, Max: 0.0, Diff: 0.0, Sum: 0.0]
      [GC Worker Total (ms): Min: 3.4, Avg: 3.4, Max: 3.5, Diff: 0.0, Sum: 13.8]
      [GC Worker End (ms): Min: 866.2, Avg: 866.2, Max: 866.2, Diff: 0.0]
   [Code Root Fixup: 0.0 ms]
   [Code Root Purge: 0.0 ms]
   [Clear CT: 0.0 ms]
   [Other: 0.3 ms]
      [Choose CSet: 0.0 ms]
      [Ref Proc: 0.0 ms]
      [Ref Enq: 0.0 ms]
      [Redirty Cards: 0.0 ms]
      [Humongous Register: 0.1 ms]
      [Humongous Reclaim: 0.0 ms]
      [Free CSet: 0.0 ms]
   [Eden: 50.0M(50.0M)->0.0B(18.0M) Survivors: 6144.0K->7168.0K Heap: 400.5M(512.0M)->355.2M(512.0M)]
 [Times: user=0.02 sys=0.00, real=0.00 secs] 
0.870: [GC pause (G1 Evacuation Pause) (mixed), 0.0068248 secs]
   [Parallel Time: 6.4 ms, GC Workers: 4]
      [GC Worker Start (ms): Min: 870.5, Avg: 870.5, Max: 870.5, Diff: 0.0]
      [Ext Root Scanning (ms): Min: 0.1, Avg: 0.1, Max: 0.1, Diff: 0.0, Sum: 0.6]
      [Update RS (ms): Min: 0.4, Avg: 0.5, Max: 0.5, Diff: 0.0, Sum: 1.9]
         [Processed Buffers: Min: 2, Avg: 6.0, Max: 8, Diff: 6, Sum: 24]
      [Scan RS (ms): Min: 0.0, Avg: 0.1, Max: 0.1, Diff: 0.0, Sum: 0.2]
      [Code Root Scanning (ms): Min: 0.0, Avg: 0.0, Max: 0.0, Diff: 0.0, Sum: 0.0]
      [Object Copy (ms): Min: 5.6, Avg: 5.6, Max: 5.6, Diff: 0.0, Sum: 22.5]
      [Termination (ms): Min: 0.0, Avg: 0.0, Max: 0.1, Diff: 0.1, Sum: 0.1]
         [Termination Attempts: Min: 1, Avg: 1.0, Max: 1, Diff: 0, Sum: 4]
      [GC Worker Other (ms): Min: 0.0, Avg: 0.0, Max: 0.0, Diff: 0.0, Sum: 0.0]
      [GC Worker Total (ms): Min: 6.3, Avg: 6.3, Max: 6.4, Diff: 0.0, Sum: 25.3]
      [GC Worker End (ms): Min: 876.8, Avg: 876.9, Max: 876.9, Diff: 0.0]
   [Code Root Fixup: 0.0 ms]
   [Code Root Purge: 0.0 ms]
   [Clear CT: 0.1 ms]
   [Other: 0.4 ms]
      [Choose CSet: 0.0 ms]
      [Ref Proc: 0.0 ms]
      [Ref Enq: 0.0 ms]
      [Redirty Cards: 0.0 ms]
      [Humongous Register: 0.1 ms]
      [Humongous Reclaim: 0.0 ms]
      [Free CSet: 0.1 ms]
   [Eden: 18.0M(18.0M)->0.0B(21.0M) Survivors: 7168.0K->4096.0K Heap: 378.0M(512.0M)->332.0M(512.0M)]
 [Times: user=0.00 sys=0.00, real=0.01 secs] 
0.882: [GC pause (G1 Evacuation Pause) (mixed), 0.0026113 secs]
   [Parallel Time: 2.4 ms, GC Workers: 4]
      [GC Worker Start (ms): Min: 882.0, Avg: 882.0, Max: 882.0, Diff: 0.0]
      [Ext Root Scanning (ms): Min: 0.1, Avg: 0.1, Max: 0.2, Diff: 0.0, Sum: 0.6]
      [Update RS (ms): Min: 0.6, Avg: 0.6, Max: 0.6, Diff: 0.1, Sum: 2.4]
         [Processed Buffers: Min: 3, Avg: 7.8, Max: 10, Diff: 7, Sum: 31]
      [Scan RS (ms): Min: 0.0, Avg: 0.0, Max: 0.0, Diff: 0.0, Sum: 0.0]
      [Code Root Scanning (ms): Min: 0.0, Avg: 0.0, Max: 0.0, Diff: 0.0, Sum: 0.0]
      [Object Copy (ms): Min: 1.5, Avg: 1.5, Max: 1.6, Diff: 0.1, Sum: 6.1]
      [Termination (ms): Min: 0.0, Avg: 0.1, Max: 0.1, Diff: 0.1, Sum: 0.2]
         [Termination Attempts: Min: 1, Avg: 1.0, Max: 1, Diff: 0, Sum: 4]
      [GC Worker Other (ms): Min: 0.0, Avg: 0.0, Max: 0.0, Diff: 0.0, Sum: 0.0]
      [GC Worker Total (ms): Min: 2.3, Avg: 2.3, Max: 2.3, Diff: 0.0, Sum: 9.4]
      [GC Worker End (ms): Min: 884.3, Avg: 884.3, Max: 884.3, Diff: 0.0]
   [Code Root Fixup: 0.0 ms]
   [Code Root Purge: 0.0 ms]
   [Clear CT: 0.0 ms]
   [Other: 0.2 ms]
      [Choose CSet: 0.0 ms]
      [Ref Proc: 0.0 ms]
      [Ref Enq: 0.0 ms]
      [Redirty Cards: 0.0 ms]
      [Humongous Register: 0.1 ms]
      [Humongous Reclaim: 0.0 ms]
      [Free CSet: 0.0 ms]
   [Eden: 21.0M(21.0M)->0.0B(53.0M) Survivors: 4096.0K->4096.0K Heap: 358.6M(512.0M)->336.7M(512.0M)]
 [Times: user=0.06 sys=0.00, real=0.00 secs] 
0.885: [GC pause (G1 Humongous Allocation) (young) (initial-mark), 0.0011092 secs]
   [Parallel Time: 0.9 ms, GC Workers: 4]
      [GC Worker Start (ms): Min: 884.8, Avg: 884.8, Max: 884.8, Diff: 0.0]
      [Ext Root Scanning (ms): Min: 0.1, Avg: 0.1, Max: 0.1, Diff: 0.0, Sum: 0.6]
      [Update RS (ms): Min: 0.1, Avg: 0.1, Max: 0.1, Diff: 0.0, Sum: 0.4]
         [Processed Buffers: Min: 1, Avg: 1.5, Max: 2, Diff: 1, Sum: 6]
      [Scan RS (ms): Min: 0.0, Avg: 0.0, Max: 0.0, Diff: 0.0, Sum: 0.0]
      [Code Root Scanning (ms): Min: 0.0, Avg: 0.0, Max: 0.0, Diff: 0.0, Sum: 0.0]
      [Object Copy (ms): Min: 0.5, Avg: 0.6, Max: 0.6, Diff: 0.1, Sum: 2.3]
      [Termination (ms): Min: 0.0, Avg: 0.0, Max: 0.0, Diff: 0.0, Sum: 0.0]
         [Termination Attempts: Min: 1, Avg: 1.0, Max: 1, Diff: 0, Sum: 4]
      [GC Worker Other (ms): Min: 0.0, Avg: 0.0, Max: 0.0, Diff: 0.0, Sum: 0.0]
      [GC Worker Total (ms): Min: 0.8, Avg: 0.8, Max: 0.8, Diff: 0.0, Sum: 3.3]
      [GC Worker End (ms): Min: 885.7, Avg: 885.7, Max: 885.7, Diff: 0.0]
   [Code Root Fixup: 0.0 ms]
   [Code Root Purge: 0.0 ms]
   [Clear CT: 0.0 ms]
   [Other: 0.2 ms]
      [Choose CSet: 0.0 ms]
      [Ref Proc: 0.0 ms]
      [Ref Enq: 0.0 ms]
      [Redirty Cards: 0.0 ms]
      [Humongous Register: 0.1 ms]
      [Humongous Reclaim: 0.0 ms]
      [Free CSet: 0.0 ms]
   [Eden: 1024.0K(53.0M)->0.0B(55.0M) Survivors: 4096.0K->5120.0K Heap: 337.7M(512.0M)->336.8M(512.0M)]
 [Times: user=0.00 sys=0.00, real=0.00 secs] 
0.886: [GC concurrent-root-region-scan-start]
0.886: [GC concurrent-root-region-scan-end, 0.0000902 secs]
0.886: [GC concurrent-mark-start]
0.890: [GC concurrent-mark-end, 0.0035871 secs]
0.890: [GC remark 0.890: [Finalize Marking, 0.0001529 secs] 0.890: [GC ref-proc, 0.0000821 secs] 0.890: [Unloading, 0.0005297 secs], 0.0021018 secs]
 [Times: user=0.00 sys=0.00, real=0.00 secs] 
0.892: [GC cleanup 355M->355M(512M), 0.0002665 secs]
 [Times: user=0.00 sys=0.00, real=0.00 secs] 
0.901: [GC pause (G1 Evacuation Pause) (young), 0.0045467 secs]
   [Parallel Time: 4.2 ms, GC Workers: 4]
      [GC Worker Start (ms): Min: 901.4, Avg: 901.4, Max: 901.4, Diff: 0.0]
      [Ext Root Scanning (ms): Min: 0.2, Avg: 0.2, Max: 0.2, Diff: 0.0, Sum: 0.7]
      [Update RS (ms): Min: 0.8, Avg: 0.8, Max: 0.9, Diff: 0.1, Sum: 3.4]
         [Processed Buffers: Min: 9, Avg: 11.8, Max: 13, Diff: 4, Sum: 47]
      [Scan RS (ms): Min: 0.0, Avg: 0.0, Max: 0.0, Diff: 0.0, Sum: 0.0]
      [Code Root Scanning (ms): Min: 0.0, Avg: 0.0, Max: 0.0, Diff: 0.0, Sum: 0.0]
      [Object Copy (ms): Min: 3.0, Avg: 3.0, Max: 3.0, Diff: 0.0, Sum: 12.1]
      [Termination (ms): Min: 0.0, Avg: 0.1, Max: 0.1, Diff: 0.1, Sum: 0.3]
         [Termination Attempts: Min: 1, Avg: 1.0, Max: 1, Diff: 0, Sum: 4]
      [GC Worker Other (ms): Min: 0.0, Avg: 0.0, Max: 0.0, Diff: 0.0, Sum: 0.0]
      [GC Worker Total (ms): Min: 4.1, Avg: 4.1, Max: 4.2, Diff: 0.1, Sum: 16.5]
      [GC Worker End (ms): Min: 905.5, Avg: 905.5, Max: 905.6, Diff: 0.1]
   [Code Root Fixup: 0.0 ms]
   [Code Root Purge: 0.0 ms]
   [Clear CT: 0.0 ms]
   [Other: 0.3 ms]
      [Choose CSet: 0.0 ms]
      [Ref Proc: 0.1 ms]
      [Ref Enq: 0.0 ms]
      [Redirty Cards: 0.0 ms]
      [Humongous Register: 0.1 ms]
      [Humongous Reclaim: 0.0 ms]
      [Free CSet: 0.0 ms]
   [Eden: 55.0M(55.0M)->0.0B(17.0M) Survivors: 5120.0K->8192.0K Heap: 406.0M(512.0M)->353.8M(512.0M)]
 [Times: user=0.00 sys=0.00, real=0.00 secs] 
0.910: [GC pause (G1 Evacuation Pause) (mixed), 0.0068538 secs]
   [Parallel Time: 6.6 ms, GC Workers: 4]
      [GC Worker Start (ms): Min: 910.2, Avg: 910.2, Max: 910.2, Diff: 0.0]
      [Ext Root Scanning (ms): Min: 0.1, Avg: 0.1, Max: 0.2, Diff: 0.0, Sum: 0.6]
      [Update RS (ms): Min: 0.7, Avg: 0.7, Max: 0.8, Diff: 0.0, Sum: 3.0]
         [Processed Buffers: Min: 10, Avg: 10.8, Max: 11, Diff: 1, Sum: 43]
      [Scan RS (ms): Min: 0.0, Avg: 0.0, Max: 0.1, Diff: 0.0, Sum: 0.2]
      [Code Root Scanning (ms): Min: 0.0, Avg: 0.0, Max: 0.0, Diff: 0.0, Sum: 0.0]
      [Object Copy (ms): Min: 5.5, Avg: 5.5, Max: 5.6, Diff: 0.1, Sum: 22.1]
      [Termination (ms): Min: 0.0, Avg: 0.1, Max: 0.1, Diff: 0.1, Sum: 0.2]
         [Termination Attempts: Min: 1, Avg: 1.0, Max: 1, Diff: 0, Sum: 4]
      [GC Worker Other (ms): Min: 0.0, Avg: 0.0, Max: 0.0, Diff: 0.0, Sum: 0.0]
      [GC Worker Total (ms): Min: 6.5, Avg: 6.5, Max: 6.5, Diff: 0.0, Sum: 26.1]
      [GC Worker End (ms): Min: 916.7, Avg: 916.7, Max: 916.7, Diff: 0.0]
   [Code Root Fixup: 0.0 ms]
   [Code Root Purge: 0.0 ms]
   [Clear CT: 0.0 ms]
   [Other: 0.3 ms]
      [Choose CSet: 0.0 ms]
      [Ref Proc: 0.0 ms]
      [Ref Enq: 0.0 ms]
      [Redirty Cards: 0.0 ms]
      [Humongous Register: 0.1 ms]
      [Humongous Reclaim: 0.0 ms]
      [Free CSet: 0.0 ms]
   [Eden: 17.0M(17.0M)->0.0B(46.0M) Survivors: 8192.0K->4096.0K Heap: 375.4M(512.0M)->346.3M(512.0M)]
 [Times: user=0.03 sys=0.03, real=0.01 secs] 
0.917: [GC pause (G1 Humongous Allocation) (young) (initial-mark), 0.0012474 secs]
   [Parallel Time: 1.0 ms, GC Workers: 4]
      [GC Worker Start (ms): Min: 917.5, Avg: 917.5, Max: 917.5, Diff: 0.0]
      [Ext Root Scanning (ms): Min: 0.1, Avg: 0.2, Max: 0.2, Diff: 0.0, Sum: 0.6]
      [Update RS (ms): Min: 0.1, Avg: 0.1, Max: 0.1, Diff: 0.0, Sum: 0.4]
         [Processed Buffers: Min: 1, Avg: 1.3, Max: 2, Diff: 1, Sum: 5]
      [Scan RS (ms): Min: 0.0, Avg: 0.0, Max: 0.0, Diff: 0.0, Sum: 0.0]
      [Code Root Scanning (ms): Min: 0.0, Avg: 0.0, Max: 0.0, Diff: 0.0, Sum: 0.0]
      [Object Copy (ms): Min: 0.6, Avg: 0.7, Max: 0.7, Diff: 0.1, Sum: 2.6]
      [Termination (ms): Min: 0.0, Avg: 0.0, Max: 0.0, Diff: 0.0, Sum: 0.1]
         [Termination Attempts: Min: 1, Avg: 1.0, Max: 1, Diff: 0, Sum: 4]
      [GC Worker Other (ms): Min: 0.0, Avg: 0.0, Max: 0.0, Diff: 0.0, Sum: 0.0]
      [GC Worker Total (ms): Min: 0.9, Avg: 0.9, Max: 1.0, Diff: 0.0, Sum: 3.8]
      [GC Worker End (ms): Min: 918.4, Avg: 918.4, Max: 918.4, Diff: 0.0]
   [Code Root Fixup: 0.0 ms]
   [Code Root Purge: 0.0 ms]
   [Clear CT: 0.0 ms]
   [Other: 0.2 ms]
      [Choose CSet: 0.0 ms]
      [Ref Proc: 0.1 ms]
      [Ref Enq: 0.0 ms]
      [Redirty Cards: 0.0 ms]
      [Humongous Register: 0.1 ms]
      [Humongous Reclaim: 0.0 ms]
      [Free CSet: 0.0 ms]
   [Eden: 2048.0K(46.0M)->0.0B(43.0M) Survivors: 4096.0K->1024.0K Heap: 347.6M(512.0M)->346.8M(512.0M)]
 [Times: user=0.00 sys=0.00, real=0.00 secs] 
0.919: [GC concurrent-root-region-scan-start]
0.919: [GC concurrent-root-region-scan-end, 0.0000139 secs]
0.919: [GC concurrent-mark-start]
0.922: [GC concurrent-mark-end, 0.0033019 secs]
0.922: [GC remark 0.922: [Finalize Marking, 0.0000942 secs] 0.922: [GC ref-proc, 0.0000744 secs] 0.922: [Unloading, 0.0005682 secs], 0.0023826 secs]
 [Times: user=0.00 sys=0.00, real=0.00 secs] 
0.925: [GC cleanup 361M->361M(512M), 0.0002866 secs]
 [Times: user=0.00 sys=0.00, real=0.00 secs] 
0.932: [GC pause (G1 Evacuation Pause) (young), 0.0033928 secs]
   [Parallel Time: 3.1 ms, GC Workers: 4]
      [GC Worker Start (ms): Min: 932.0, Avg: 932.0, Max: 932.0, Diff: 0.0]
      [Ext Root Scanning (ms): Min: 0.1, Avg: 0.1, Max: 0.1, Diff: 0.0, Sum: 0.6]
      [Update RS (ms): Min: 0.8, Avg: 0.8, Max: 0.8, Diff: 0.0, Sum: 3.2]
         [Processed Buffers: Min: 6, Avg: 10.8, Max: 13, Diff: 7, Sum: 43]
      [Scan RS (ms): Min: 0.0, Avg: 0.0, Max: 0.0, Diff: 0.0, Sum: 0.0]
      [Code Root Scanning (ms): Min: 0.0, Avg: 0.0, Max: 0.0, Diff: 0.0, Sum: 0.0]
      [Object Copy (ms): Min: 2.1, Avg: 2.1, Max: 2.2, Diff: 0.1, Sum: 8.5]
      [Termination (ms): Min: 0.0, Avg: 0.0, Max: 0.1, Diff: 0.1, Sum: 0.1]
         [Termination Attempts: Min: 1, Avg: 1.0, Max: 1, Diff: 0, Sum: 4]
      [GC Worker Other (ms): Min: 0.0, Avg: 0.0, Max: 0.0, Diff: 0.0, Sum: 0.0]
      [GC Worker Total (ms): Min: 3.1, Avg: 3.1, Max: 3.1, Diff: 0.0, Sum: 12.4]
      [GC Worker End (ms): Min: 935.1, Avg: 935.1, Max: 935.1, Diff: 0.0]
   [Code Root Fixup: 0.0 ms]
   [Code Root Purge: 0.0 ms]
   [Clear CT: 0.0 ms]
   [Other: 0.3 ms]
      [Choose CSet: 0.0 ms]
      [Ref Proc: 0.0 ms]
      [Ref Enq: 0.0 ms]
      [Redirty Cards: 0.0 ms]
      [Humongous Register: 0.1 ms]
      [Humongous Reclaim: 0.0 ms]
      [Free CSet: 0.0 ms]
   [Eden: 43.0M(43.0M)->0.0B(19.0M) Survivors: 1024.0K->6144.0K Heap: 398.2M(512.0M)->360.8M(512.0M)]
 [Times: user=0.00 sys=0.00, real=0.00 secs] 
0.939: [GC pause (G1 Evacuation Pause) (mixed), 0.0071126 secs]
   [Parallel Time: 6.7 ms, GC Workers: 4]
      [GC Worker Start (ms): Min: 939.2, Avg: 939.2, Max: 939.3, Diff: 0.0]
      [Ext Root Scanning (ms): Min: 0.1, Avg: 0.1, Max: 0.2, Diff: 0.0, Sum: 0.6]
      [Update RS (ms): Min: 0.7, Avg: 0.7, Max: 0.7, Diff: 0.0, Sum: 2.9]
         [Processed Buffers: Min: 9, Avg: 10.0, Max: 11, Diff: 2, Sum: 40]
      [Scan RS (ms): Min: 0.0, Avg: 0.0, Max: 0.1, Diff: 0.0, Sum: 0.2]
      [Code Root Scanning (ms): Min: 0.0, Avg: 0.0, Max: 0.0, Diff: 0.0, Sum: 0.0]
      [Object Copy (ms): Min: 5.7, Avg: 5.7, Max: 5.8, Diff: 0.1, Sum: 22.9]
      [Termination (ms): Min: 0.0, Avg: 0.1, Max: 0.1, Diff: 0.1, Sum: 0.2]
         [Termination Attempts: Min: 1, Avg: 1.0, Max: 1, Diff: 0, Sum: 4]
      [GC Worker Other (ms): Min: 0.0, Avg: 0.0, Max: 0.0, Diff: 0.0, Sum: 0.0]
      [GC Worker Total (ms): Min: 6.7, Avg: 6.7, Max: 6.7, Diff: 0.0, Sum: 26.8]
      [GC Worker End (ms): Min: 945.9, Avg: 945.9, Max: 945.9, Diff: 0.0]
   [Code Root Fixup: 0.0 ms]
   [Code Root Purge: 0.0 ms]
   [Clear CT: 0.1 ms]
   [Other: 0.3 ms]
      [Choose CSet: 0.0 ms]
      [Ref Proc: 0.0 ms]
      [Ref Enq: 0.0 ms]
      [Redirty Cards: 0.0 ms]
      [Humongous Register: 0.1 ms]
      [Humongous Reclaim: 0.0 ms]
      [Free CSet: 0.1 ms]
   [Eden: 19.0M(19.0M)->0.0B(42.0M) Survivors: 6144.0K->4096.0K Heap: 384.2M(512.0M)->349.7M(512.0M)]
 [Times: user=0.06 sys=0.00, real=0.01 secs] 
0.947: [GC pause (G1 Humongous Allocation) (young) (initial-mark), 0.0011473 secs]
   [Parallel Time: 0.9 ms, GC Workers: 4]
      [GC Worker Start (ms): Min: 946.6, Avg: 946.6, Max: 946.6, Diff: 0.0]
      [Ext Root Scanning (ms): Min: 0.1, Avg: 0.1, Max: 0.1, Diff: 0.0, Sum: 0.6]
      [Update RS (ms): Min: 0.1, Avg: 0.2, Max: 0.2, Diff: 0.1, Sum: 0.6]
         [Processed Buffers: Min: 1, Avg: 1.3, Max: 2, Diff: 1, Sum: 5]
      [Scan RS (ms): Min: 0.0, Avg: 0.0, Max: 0.0, Diff: 0.0, Sum: 0.0]
      [Code Root Scanning (ms): Min: 0.0, Avg: 0.0, Max: 0.0, Diff: 0.0, Sum: 0.0]
      [Object Copy (ms): Min: 0.5, Avg: 0.5, Max: 0.6, Diff: 0.1, Sum: 2.1]
      [Termination (ms): Min: 0.0, Avg: 0.0, Max: 0.0, Diff: 0.0, Sum: 0.1]
         [Termination Attempts: Min: 1, Avg: 1.0, Max: 1, Diff: 0, Sum: 4]
      [GC Worker Other (ms): Min: 0.0, Avg: 0.0, Max: 0.0, Diff: 0.0, Sum: 0.0]
      [GC Worker Total (ms): Min: 0.9, Avg: 0.9, Max: 0.9, Diff: 0.0, Sum: 3.4]
      [GC Worker End (ms): Min: 947.5, Avg: 947.5, Max: 947.5, Diff: 0.0]
   [Code Root Fixup: 0.0 ms]
   [Code Root Purge: 0.0 ms]
   [Clear CT: 0.0 ms]
   [Other: 0.2 ms]
      [Choose CSet: 0.0 ms]
      [Ref Proc: 0.0 ms]
      [Ref Enq: 0.0 ms]
      [Redirty Cards: 0.0 ms]
      [Humongous Register: 0.1 ms]
      [Humongous Reclaim: 0.0 ms]
      [Free CSet: 0.0 ms]
   [Eden: 1024.0K(42.0M)->0.0B(42.0M) Survivors: 4096.0K->1024.0K Heap: 350.4M(512.0M)->350.2M(512.0M)]
 [Times: user=0.00 sys=0.00, real=0.00 secs] 
0.948: [GC concurrent-root-region-scan-start]
0.948: [GC concurrent-root-region-scan-end, 0.0000128 secs]
0.948: [GC concurrent-mark-start]
0.952: [GC concurrent-mark-end, 0.0038088 secs]
0.952: [GC remark 0.952: [Finalize Marking, 0.0000477 secs] 0.952: [GC ref-proc, 0.0000652 secs] 0.952: [Unloading, 0.0004945 secs], 0.0019607 secs]
 [Times: user=0.00 sys=0.00, real=0.00 secs] 
0.954: [GC cleanup 365M->365M(512M), 0.0002625 secs]
 [Times: user=0.00 sys=0.00, real=0.00 secs] 
0.961: [GC pause (G1 Evacuation Pause) (young), 0.0036633 secs]
   [Parallel Time: 3.2 ms, GC Workers: 4]
      [GC Worker Start (ms): Min: 961.5, Avg: 961.5, Max: 961.6, Diff: 0.0]
      [Ext Root Scanning (ms): Min: 0.1, Avg: 0.1, Max: 0.2, Diff: 0.0, Sum: 0.6]
      [Update RS (ms): Min: 0.9, Avg: 0.9, Max: 0.9, Diff: 0.1, Sum: 3.6]
         [Processed Buffers: Min: 8, Avg: 12.5, Max: 14, Diff: 6, Sum: 50]
      [Scan RS (ms): Min: 0.0, Avg: 0.0, Max: 0.0, Diff: 0.0, Sum: 0.0]
      [Code Root Scanning (ms): Min: 0.0, Avg: 0.0, Max: 0.0, Diff: 0.0, Sum: 0.0]
      [Object Copy (ms): Min: 2.0, Avg: 2.0, Max: 2.1, Diff: 0.1, Sum: 8.2]
      [Termination (ms): Min: 0.0, Avg: 0.1, Max: 0.1, Diff: 0.1, Sum: 0.3]
         [Termination Attempts: Min: 1, Avg: 1.0, Max: 1, Diff: 0, Sum: 4]
      [GC Worker Other (ms): Min: 0.0, Avg: 0.0, Max: 0.0, Diff: 0.0, Sum: 0.0]
      [GC Worker Total (ms): Min: 3.2, Avg: 3.2, Max: 3.2, Diff: 0.0, Sum: 12.7]
      [GC Worker End (ms): Min: 964.7, Avg: 964.7, Max: 964.7, Diff: 0.0]
   [Code Root Fixup: 0.0 ms]
   [Code Root Purge: 0.0 ms]
   [Clear CT: 0.0 ms]
   [Other: 0.4 ms]
      [Choose CSet: 0.0 ms]
      [Ref Proc: 0.1 ms]
      [Ref Enq: 0.0 ms]
      [Redirty Cards: 0.0 ms]
      [Humongous Register: 0.1 ms]
      [Humongous Reclaim: 0.1 ms]
      [Free CSet: 0.0 ms]
   [Eden: 42.0M(42.0M)->0.0B(19.0M) Survivors: 1024.0K->6144.0K Heap: 403.3M(512.0M)->364.5M(512.0M)]
 [Times: user=0.00 sys=0.00, real=0.00 secs] 
0.970: [GC pause (G1 Evacuation Pause) (mixed), 0.0071085 secs]
   [Parallel Time: 6.7 ms, GC Workers: 4]
      [GC Worker Start (ms): Min: 969.8, Avg: 969.8, Max: 969.8, Diff: 0.0]
      [Ext Root Scanning (ms): Min: 0.1, Avg: 0.1, Max: 0.2, Diff: 0.0, Sum: 0.6]
      [Update RS (ms): Min: 0.5, Avg: 0.5, Max: 0.6, Diff: 0.0, Sum: 2.1]
         [Processed Buffers: Min: 7, Avg: 7.5, Max: 8, Diff: 1, Sum: 30]
      [Scan RS (ms): Min: 0.0, Avg: 0.0, Max: 0.1, Diff: 0.0, Sum: 0.2]
      [Code Root Scanning (ms): Min: 0.0, Avg: 0.0, Max: 0.0, Diff: 0.0, Sum: 0.0]
      [Object Copy (ms): Min: 5.9, Avg: 5.9, Max: 5.9, Diff: 0.0, Sum: 23.5]
      [Termination (ms): Min: 0.0, Avg: 0.0, Max: 0.0, Diff: 0.0, Sum: 0.0]
         [Termination Attempts: Min: 1, Avg: 1.0, Max: 1, Diff: 0, Sum: 4]
      [GC Worker Other (ms): Min: 0.0, Avg: 0.0, Max: 0.0, Diff: 0.0, Sum: 0.1]
      [GC Worker Total (ms): Min: 6.6, Avg: 6.6, Max: 6.6, Diff: 0.0, Sum: 26.5]
      [GC Worker End (ms): Min: 976.4, Avg: 976.4, Max: 976.4, Diff: 0.0]
   [Code Root Fixup: 0.0 ms]
   [Code Root Purge: 0.0 ms]
   [Clear CT: 0.0 ms]
   [Other: 0.4 ms]
      [Choose CSet: 0.0 ms]
      [Ref Proc: 0.1 ms]
      [Ref Enq: 0.0 ms]
      [Redirty Cards: 0.0 ms]
      [Humongous Register: 0.1 ms]
      [Humongous Reclaim: 0.0 ms]
      [Free CSet: 0.1 ms]
   [Eden: 19.0M(19.0M)->0.0B(42.0M) Survivors: 6144.0K->4096.0K Heap: 386.5M(512.0M)->350.9M(512.0M)]
 [Times: user=0.01 sys=0.00, real=0.01 secs] 
0.978: [GC pause (G1 Humongous Allocation) (young) (initial-mark), 0.0014537 secs]
   [Parallel Time: 1.2 ms, GC Workers: 4]
      [GC Worker Start (ms): Min: 977.7, Avg: 977.7, Max: 977.7, Diff: 0.0]
      [Ext Root Scanning (ms): Min: 0.1, Avg: 0.1, Max: 0.2, Diff: 0.0, Sum: 0.6]
      [Update RS (ms): Min: 0.1, Avg: 0.2, Max: 0.2, Diff: 0.1, Sum: 0.6]
         [Processed Buffers: Min: 1, Avg: 1.3, Max: 2, Diff: 1, Sum: 5]
      [Scan RS (ms): Min: 0.0, Avg: 0.0, Max: 0.0, Diff: 0.0, Sum: 0.0]
      [Code Root Scanning (ms): Min: 0.0, Avg: 0.0, Max: 0.0, Diff: 0.0, Sum: 0.0]
      [Object Copy (ms): Min: 0.8, Avg: 0.8, Max: 0.9, Diff: 0.1, Sum: 3.3]
      [Termination (ms): Min: 0.0, Avg: 0.0, Max: 0.0, Diff: 0.0, Sum: 0.1]
         [Termination Attempts: Min: 1, Avg: 1.0, Max: 1, Diff: 0, Sum: 4]
      [GC Worker Other (ms): Min: 0.0, Avg: 0.0, Max: 0.0, Diff: 0.0, Sum: 0.0]
      [GC Worker Total (ms): Min: 1.2, Avg: 1.2, Max: 1.2, Diff: 0.0, Sum: 4.7]
      [GC Worker End (ms): Min: 978.8, Avg: 978.8, Max: 978.8, Diff: 0.0]
   [Code Root Fixup: 0.0 ms]
   [Code Root Purge: 0.0 ms]
   [Clear CT: 0.0 ms]
   [Other: 0.2 ms]
      [Choose CSet: 0.0 ms]
      [Ref Proc: 0.0 ms]
      [Ref Enq: 0.0 ms]
      [Redirty Cards: 0.0 ms]
      [Humongous Register: 0.1 ms]
      [Humongous Reclaim: 0.0 ms]
      [Free CSet: 0.0 ms]
   [Eden: 4096.0K(42.0M)->0.0B(41.0M) Survivors: 4096.0K->2048.0K Heap: 354.5M(512.0M)->352.1M(512.0M)]
 [Times: user=0.00 sys=0.00, real=0.00 secs] 
0.979: [GC concurrent-root-region-scan-start]
0.979: [GC concurrent-root-region-scan-end, 0.0001111 secs]
0.979: [GC concurrent-mark-start]
0.983: [GC concurrent-mark-end, 0.0038701 secs]
0.983: [GC remark 0.983: [Finalize Marking, 0.0000814 secs] 0.983: [GC ref-proc, 0.0001023 secs] 0.983: [Unloading, 0.0005528 secs], 0.0020912 secs]
 [Times: user=0.00 sys=0.00, real=0.00 secs] 
0.985: [GC cleanup 370M->370M(512M), 0.0002844 secs]
 [Times: user=0.00 sys=0.00, real=0.00 secs] 
0.992: [GC pause (G1 Evacuation Pause) (young), 0.0037370 secs]
   [Parallel Time: 3.4 ms, GC Workers: 4]
      [GC Worker Start (ms): Min: 992.2, Avg: 992.2, Max: 992.3, Diff: 0.1]
      [Ext Root Scanning (ms): Min: 0.1, Avg: 0.1, Max: 0.2, Diff: 0.1, Sum: 0.5]
      [Update RS (ms): Min: 0.9, Avg: 0.9, Max: 0.9, Diff: 0.0, Sum: 3.6]
         [Processed Buffers: Min: 7, Avg: 12.3, Max: 16, Diff: 9, Sum: 49]
      [Scan RS (ms): Min: 0.0, Avg: 0.0, Max: 0.0, Diff: 0.0, Sum: 0.0]
      [Code Root Scanning (ms): Min: 0.0, Avg: 0.0, Max: 0.0, Diff: 0.0, Sum: 0.0]
      [Object Copy (ms): Min: 2.2, Avg: 2.2, Max: 2.2, Diff: 0.1, Sum: 8.8]
      [Termination (ms): Min: 0.0, Avg: 0.1, Max: 0.1, Diff: 0.1, Sum: 0.3]
         [Termination Attempts: Min: 1, Avg: 1.0, Max: 1, Diff: 0, Sum: 4]
      [GC Worker Other (ms): Min: 0.0, Avg: 0.0, Max: 0.0, Diff: 0.0, Sum: 0.0]
      [GC Worker Total (ms): Min: 3.3, Avg: 3.3, Max: 3.4, Diff: 0.1, Sum: 13.2]
      [GC Worker End (ms): Min: 995.5, Avg: 995.5, Max: 995.5, Diff: 0.0]
   [Code Root Fixup: 0.0 ms]
   [Code Root Purge: 0.0 ms]
   [Clear CT: 0.0 ms]
   [Other: 0.3 ms]
      [Choose CSet: 0.0 ms]
      [Ref Proc: 0.0 ms]
      [Ref Enq: 0.0 ms]
      [Redirty Cards: 0.0 ms]
      [Humongous Register: 0.1 ms]
      [Humongous Reclaim: 0.1 ms]
      [Free CSet: 0.0 ms]
   [Eden: 41.0M(41.0M)->0.0B(19.0M) Survivors: 2048.0K->6144.0K Heap: 408.2M(512.0M)->371.2M(512.0M)]
 [Times: user=0.00 sys=0.00, real=0.00 secs] 
1.000: [GC pause (G1 Evacuation Pause) (mixed), 0.0070822 secs]
   [Parallel Time: 6.7 ms, GC Workers: 4]
      [GC Worker Start (ms): Min: 999.8, Avg: 999.8, Max: 999.8, Diff: 0.0]
      [Ext Root Scanning (ms): Min: 0.1, Avg: 0.1, Max: 0.1, Diff: 0.0, Sum: 0.6]
      [Update RS (ms): Min: 0.7, Avg: 0.7, Max: 0.7, Diff: 0.0, Sum: 2.8]
         [Processed Buffers: Min: 9, Avg: 9.8, Max: 12, Diff: 3, Sum: 39]
      [Scan RS (ms): Min: 0.0, Avg: 0.0, Max: 0.1, Diff: 0.0, Sum: 0.2]
      [Code Root Scanning (ms): Min: 0.0, Avg: 0.0, Max: 0.0, Diff: 0.0, Sum: 0.0]
      [Object Copy (ms): Min: 5.7, Avg: 5.7, Max: 5.8, Diff: 0.1, Sum: 23.0]
      [Termination (ms): Min: 0.0, Avg: 0.0, Max: 0.1, Diff: 0.1, Sum: 0.1]
         [Termination Attempts: Min: 1, Avg: 1.0, Max: 1, Diff: 0, Sum: 4]
      [GC Worker Other (ms): Min: 0.0, Avg: 0.0, Max: 0.0, Diff: 0.0, Sum: 0.0]
      [GC Worker Total (ms): Min: 6.7, Avg: 6.7, Max: 6.7, Diff: 0.0, Sum: 26.7]
      [GC Worker End (ms): Min: 1006.4, Avg: 1006.4, Max: 1006.5, Diff: 0.0]
   [Code Root Fixup: 0.0 ms]
   [Code Root Purge: 0.0 ms]
   [Clear CT: 0.0 ms]
   [Other: 0.3 ms]
      [Choose CSet: 0.0 ms]
      [Ref Proc: 0.1 ms]
      [Ref Enq: 0.0 ms]
      [Redirty Cards: 0.0 ms]
      [Humongous Register: 0.1 ms]
      [Humongous Reclaim: 0.0 ms]
      [Free CSet: 0.1 ms]
   [Eden: 19.0M(19.0M)->0.0B(32.0M) Survivors: 6144.0K->4096.0K Heap: 394.4M(512.0M)->360.6M(512.0M)]
 [Times: user=0.00 sys=0.00, real=0.01 secs] 
1.007: [GC pause (G1 Humongous Allocation) (young) (initial-mark), 0.0012811 secs]
   [Parallel Time: 1.0 ms, GC Workers: 4]
      [GC Worker Start (ms): Min: 1007.1, Avg: 1007.1, Max: 1007.1, Diff: 0.0]
      [Ext Root Scanning (ms): Min: 0.1, Avg: 0.1, Max: 0.1, Diff: 0.0, Sum: 0.6]
      [Update RS (ms): Min: 0.1, Avg: 0.1, Max: 0.2, Diff: 0.0, Sum: 0.6]
         [Processed Buffers: Min: 1, Avg: 1.3, Max: 2, Diff: 1, Sum: 5]
      [Scan RS (ms): Min: 0.0, Avg: 0.0, Max: 0.0, Diff: 0.0, Sum: 0.0]
      [Code Root Scanning (ms): Min: 0.0, Avg: 0.0, Max: 0.0, Diff: 0.0, Sum: 0.0]
      [Object Copy (ms): Min: 0.6, Avg: 0.6, Max: 0.6, Diff: 0.0, Sum: 2.4]
      [Termination (ms): Min: 0.0, Avg: 0.0, Max: 0.1, Diff: 0.1, Sum: 0.1]
         [Termination Attempts: Min: 1, Avg: 1.0, Max: 1, Diff: 0, Sum: 4]
      [GC Worker Other (ms): Min: 0.0, Avg: 0.0, Max: 0.0, Diff: 0.0, Sum: 0.0]
      [GC Worker Total (ms): Min: 0.9, Avg: 0.9, Max: 1.0, Diff: 0.0, Sum: 3.8]
      [GC Worker End (ms): Min: 1008.0, Avg: 1008.1, Max: 1008.1, Diff: 0.0]
   [Code Root Fixup: 0.0 ms]
   [Code Root Purge: 0.0 ms]
   [Clear CT: 0.0 ms]
   [Other: 0.3 ms]
      [Choose CSet: 0.0 ms]
      [Ref Proc: 0.0 ms]
      [Ref Enq: 0.0 ms]
      [Redirty Cards: 0.0 ms]
      [Humongous Register: 0.1 ms]
      [Humongous Reclaim: 0.0 ms]
      [Free CSet: 0.0 ms]
   [Eden: 1024.0K(32.0M)->0.0B(30.0M) Survivors: 4096.0K->1024.0K Heap: 361.0M(512.0M)->361.7M(512.0M)]
 [Times: user=0.06 sys=0.00, real=0.00 secs] 
1.008: [GC concurrent-root-region-scan-start]
1.008: [GC concurrent-root-region-scan-end, 0.0000205 secs]
1.008: [GC concurrent-mark-start]
1.013: [GC concurrent-mark-end, 0.0040585 secs]
1.013: [GC remark 1.013: [Finalize Marking, 0.0000444 secs] 1.013: [GC ref-proc, 0.0000656 secs] 1.013: [Unloading, 0.0004956 secs], 0.0019977 secs]
 [Times: user=0.00 sys=0.00, real=0.00 secs] 
1.015: [GC cleanup 383M->383M(512M), 0.0003145 secs]
 [Times: user=0.00 sys=0.00, real=0.00 secs] 
1.019: [GC pause (G1 Evacuation Pause) (young), 0.0029093 secs]
   [Parallel Time: 2.7 ms, GC Workers: 4]
      [GC Worker Start (ms): Min: 1018.6, Avg: 1018.6, Max: 1018.7, Diff: 0.0]
      [Ext Root Scanning (ms): Min: 0.1, Avg: 0.1, Max: 0.1, Diff: 0.0, Sum: 0.6]
      [Update RS (ms): Min: 0.9, Avg: 1.0, Max: 1.0, Diff: 0.0, Sum: 3.9]
         [Processed Buffers: Min: 9, Avg: 13.5, Max: 16, Diff: 7, Sum: 54]
      [Scan RS (ms): Min: 0.0, Avg: 0.0, Max: 0.0, Diff: 0.0, Sum: 0.0]
      [Code Root Scanning (ms): Min: 0.0, Avg: 0.0, Max: 0.0, Diff: 0.0, Sum: 0.0]
      [Object Copy (ms): Min: 1.5, Avg: 1.5, Max: 1.5, Diff: 0.1, Sum: 5.9]
      [Termination (ms): Min: 0.0, Avg: 0.0, Max: 0.1, Diff: 0.1, Sum: 0.1]
         [Termination Attempts: Min: 1, Avg: 1.0, Max: 1, Diff: 0, Sum: 4]
      [GC Worker Other (ms): Min: 0.0, Avg: 0.0, Max: 0.0, Diff: 0.0, Sum: 0.0]
      [GC Worker Total (ms): Min: 2.6, Avg: 2.6, Max: 2.6, Diff: 0.0, Sum: 10.5]
      [GC Worker End (ms): Min: 1021.3, Avg: 1021.3, Max: 1021.3, Diff: 0.0]
   [Code Root Fixup: 0.0 ms]
   [Code Root Purge: 0.0 ms]
   [Clear CT: 0.0 ms]
   [Other: 0.2 ms]
      [Choose CSet: 0.0 ms]
      [Ref Proc: 0.0 ms]
      [Ref Enq: 0.0 ms]
      [Redirty Cards: 0.0 ms]
      [Humongous Register: 0.1 ms]
      [Humongous Reclaim: 0.0 ms]
      [Free CSet: 0.0 ms]
   [Eden: 30.0M(30.0M)->0.0B(21.0M) Survivors: 1024.0K->4096.0K Heap: 400.8M(512.0M)->372.9M(512.0M)]
 [Times: user=0.00 sys=0.00, real=0.00 secs] 
1.026: [GC pause (G1 Evacuation Pause) (mixed), 0.0075682 secs]
   [Parallel Time: 7.1 ms, GC Workers: 4]
      [GC Worker Start (ms): Min: 1026.5, Avg: 1026.5, Max: 1026.5, Diff: 0.0]
      [Ext Root Scanning (ms): Min: 0.1, Avg: 0.1, Max: 0.2, Diff: 0.0, Sum: 0.6]
      [Update RS (ms): Min: 0.6, Avg: 0.6, Max: 0.6, Diff: 0.0, Sum: 2.4]
         [Processed Buffers: Min: 8, Avg: 8.8, Max: 9, Diff: 1, Sum: 35]
      [Scan RS (ms): Min: 0.0, Avg: 0.0, Max: 0.1, Diff: 0.0, Sum: 0.2]
      [Code Root Scanning (ms): Min: 0.0, Avg: 0.0, Max: 0.0, Diff: 0.0, Sum: 0.0]
      [Object Copy (ms): Min: 6.0, Avg: 6.0, Max: 6.0, Diff: 0.1, Sum: 24.0]
      [Termination (ms): Min: 0.0, Avg: 0.1, Max: 0.3, Diff: 0.3, Sum: 0.3]
         [Termination Attempts: Min: 1, Avg: 1.0, Max: 1, Diff: 0, Sum: 4]
      [GC Worker Other (ms): Min: 0.0, Avg: 0.0, Max: 0.0, Diff: 0.0, Sum: 0.0]
      [GC Worker Total (ms): Min: 6.8, Avg: 6.9, Max: 7.0, Diff: 0.2, Sum: 27.5]
      [GC Worker End (ms): Min: 1033.3, Avg: 1033.4, Max: 1033.5, Diff: 0.2]
   [Code Root Fixup: 0.0 ms]
   [Code Root Purge: 0.0 ms]
   [Clear CT: 0.1 ms]
   [Other: 0.4 ms]
      [Choose CSet: 0.0 ms]
      [Ref Proc: 0.1 ms]
      [Ref Enq: 0.0 ms]
      [Redirty Cards: 0.0 ms]
      [Humongous Register: 0.1 ms]
      [Humongous Reclaim: 0.0 ms]
      [Free CSet: 0.1 ms]
   [Eden: 21.0M(21.0M)->0.0B(32.0M) Survivors: 4096.0K->4096.0K Heap: 397.4M(512.0M)->360.2M(512.0M)]
 [Times: user=0.00 sys=0.00, real=0.01 secs] 
1.034: [GC pause (G1 Humongous Allocation) (young) (initial-mark), 0.0012998 secs]
   [Parallel Time: 1.0 ms, GC Workers: 4]
      [GC Worker Start (ms): Min: 1034.5, Avg: 1034.5, Max: 1034.5, Diff: 0.0]
      [Ext Root Scanning (ms): Min: 0.1, Avg: 0.1, Max: 0.1, Diff: 0.0, Sum: 0.6]
      [Update RS (ms): Min: 0.1, Avg: 0.2, Max: 0.2, Diff: 0.1, Sum: 0.6]
         [Processed Buffers: Min: 1, Avg: 1.5, Max: 3, Diff: 2, Sum: 6]
      [Scan RS (ms): Min: 0.0, Avg: 0.0, Max: 0.0, Diff: 0.0, Sum: 0.0]
      [Code Root Scanning (ms): Min: 0.0, Avg: 0.0, Max: 0.0, Diff: 0.0, Sum: 0.0]
      [Object Copy (ms): Min: 0.7, Avg: 0.7, Max: 0.7, Diff: 0.1, Sum: 2.8]
      [Termination (ms): Min: 0.0, Avg: 0.0, Max: 0.0, Diff: 0.0, Sum: 0.0]
         [Termination Attempts: Min: 1, Avg: 1.0, Max: 1, Diff: 0, Sum: 4]
      [GC Worker Other (ms): Min: 0.0, Avg: 0.0, Max: 0.0, Diff: 0.0, Sum: 0.0]
      [GC Worker Total (ms): Min: 1.0, Avg: 1.0, Max: 1.0, Diff: 0.0, Sum: 4.0]
      [GC Worker End (ms): Min: 1035.5, Avg: 1035.5, Max: 1035.5, Diff: 0.0]
   [Code Root Fixup: 0.0 ms]
   [Code Root Purge: 0.0 ms]
   [Clear CT: 0.0 ms]
   [Other: 0.3 ms]
      [Choose CSet: 0.0 ms]
      [Ref Proc: 0.0 ms]
      [Ref Enq: 0.0 ms]
      [Redirty Cards: 0.0 ms]
      [Humongous Register: 0.1 ms]
      [Humongous Reclaim: 0.0 ms]
      [Free CSet: 0.0 ms]
   [Eden: 2048.0K(32.0M)->0.0B(32.0M) Survivors: 4096.0K->1024.0K Heap: 362.0M(512.0M)->359.8M(512.0M)]
 [Times: user=0.00 sys=0.00, real=0.00 secs] 
1.036: [GC concurrent-root-region-scan-start]
1.036: [GC concurrent-root-region-scan-end, 0.0000960 secs]
1.036: [GC concurrent-mark-start]
1.039: [GC concurrent-mark-end, 0.0028796 secs]
1.039: [GC remark 1.039: [Finalize Marking, 0.0000561 secs] 1.039: [GC ref-proc, 0.0000667 secs] 1.039: [Unloading, 0.0005014 secs], 0.0020915 secs]
 [Times: user=0.00 sys=0.00, real=0.00 secs] 
1.041: [GC cleanup 378M->378M(512M), 0.0003086 secs]
 [Times: user=0.00 sys=0.00, real=0.00 secs] 
1.046: [GC pause (G1 Evacuation Pause) (young), 0.0030145 secs]
   [Parallel Time: 2.8 ms, GC Workers: 4]
      [GC Worker Start (ms): Min: 1046.4, Avg: 1046.4, Max: 1046.4, Diff: 0.0]
      [Ext Root Scanning (ms): Min: 0.1, Avg: 0.1, Max: 0.1, Diff: 0.0, Sum: 0.6]
      [Update RS (ms): Min: 1.1, Avg: 1.1, Max: 1.1, Diff: 0.0, Sum: 4.3]
         [Processed Buffers: Min: 11, Avg: 15.5, Max: 19, Diff: 8, Sum: 62]
      [Scan RS (ms): Min: 0.0, Avg: 0.0, Max: 0.0, Diff: 0.0, Sum: 0.0]
      [Code Root Scanning (ms): Min: 0.0, Avg: 0.0, Max: 0.0, Diff: 0.0, Sum: 0.0]
      [Object Copy (ms): Min: 1.4, Avg: 1.4, Max: 1.5, Diff: 0.1, Sum: 5.8]
      [Termination (ms): Min: 0.0, Avg: 0.0, Max: 0.1, Diff: 0.1, Sum: 0.2]
         [Termination Attempts: Min: 1, Avg: 1.0, Max: 1, Diff: 0, Sum: 4]
      [GC Worker Other (ms): Min: 0.0, Avg: 0.0, Max: 0.0, Diff: 0.0, Sum: 0.0]
      [GC Worker Total (ms): Min: 2.7, Avg: 2.7, Max: 2.7, Diff: 0.0, Sum: 10.9]
      [GC Worker End (ms): Min: 1049.1, Avg: 1049.1, Max: 1049.1, Diff: 0.0]
   [Code Root Fixup: 0.0 ms]
   [Code Root Purge: 0.0 ms]
   [Clear CT: 0.0 ms]
   [Other: 0.2 ms]
      [Choose CSet: 0.0 ms]
      [Ref Proc: 0.0 ms]
      [Ref Enq: 0.0 ms]
      [Redirty Cards: 0.0 ms]
      [Humongous Register: 0.1 ms]
      [Humongous Reclaim: 0.0 ms]
      [Free CSet: 0.0 ms]
   [Eden: 32.0M(32.0M)->0.0B(20.0M) Survivors: 1024.0K->5120.0K Heap: 404.7M(512.0M)->370.8M(512.0M)]
 [Times: user=0.00 sys=0.00, real=0.00 secs] 
1.054: [GC pause (G1 Evacuation Pause) (mixed), 0.0067878 secs]
   [Parallel Time: 6.2 ms, GC Workers: 4]
      [GC Worker Start (ms): Min: 1053.7, Avg: 1053.7, Max: 1053.8, Diff: 0.0]
      [Ext Root Scanning (ms): Min: 0.1, Avg: 0.1, Max: 0.2, Diff: 0.0, Sum: 0.6]
      [Update RS (ms): Min: 1.0, Avg: 1.1, Max: 1.1, Diff: 0.1, Sum: 4.2]
         [Processed Buffers: Min: 14, Avg: 15.5, Max: 17, Diff: 3, Sum: 62]
      [Scan RS (ms): Min: 0.0, Avg: 0.0, Max: 0.1, Diff: 0.0, Sum: 0.1]
      [Code Root Scanning (ms): Min: 0.0, Avg: 0.0, Max: 0.0, Diff: 0.0, Sum: 0.0]
      [Object Copy (ms): Min: 4.8, Avg: 4.8, Max: 4.8, Diff: 0.0, Sum: 19.3]
      [Termination (ms): Min: 0.0, Avg: 0.1, Max: 0.2, Diff: 0.2, Sum: 0.4]
         [Termination Attempts: Min: 1, Avg: 1.0, Max: 1, Diff: 0, Sum: 4]
      [GC Worker Other (ms): Min: 0.0, Avg: 0.0, Max: 0.0, Diff: 0.0, Sum: 0.0]
      [GC Worker Total (ms): Min: 6.1, Avg: 6.1, Max: 6.2, Diff: 0.1, Sum: 24.6]
      [GC Worker End (ms): Min: 1059.8, Avg: 1059.9, Max: 1060.0, Diff: 0.1]
   [Code Root Fixup: 0.0 ms]
   [Code Root Purge: 0.0 ms]
   [Clear CT: 0.1 ms]
   [Other: 0.5 ms]
      [Choose CSet: 0.0 ms]
      [Ref Proc: 0.2 ms]
      [Ref Enq: 0.0 ms]
      [Redirty Cards: 0.0 ms]
      [Humongous Register: 0.1 ms]
      [Humongous Reclaim: 0.0 ms]
      [Free CSet: 0.1 ms]
   [Eden: 20.0M(20.0M)->0.0B(26.0M) Survivors: 5120.0K->4096.0K Heap: 397.8M(512.0M)->366.7M(512.0M)]
 [Times: user=0.06 sys=0.00, real=0.01 secs] 
1.062: [GC pause (G1 Humongous Allocation) (young) (initial-mark), 0.0013332 secs]
   [Parallel Time: 1.0 ms, GC Workers: 4]
      [GC Worker Start (ms): Min: 1061.8, Avg: 1061.8, Max: 1061.9, Diff: 0.1]
      [Ext Root Scanning (ms): Min: 0.1, Avg: 0.1, Max: 0.2, Diff: 0.1, Sum: 0.5]
      [Update RS (ms): Min: 0.1, Avg: 0.2, Max: 0.2, Diff: 0.1, Sum: 0.7]
         [Processed Buffers: Min: 1, Avg: 1.5, Max: 3, Diff: 2, Sum: 6]
      [Scan RS (ms): Min: 0.0, Avg: 0.0, Max: 0.0, Diff: 0.0, Sum: 0.0]
      [Code Root Scanning (ms): Min: 0.0, Avg: 0.0, Max: 0.0, Diff: 0.0, Sum: 0.0]
      [Object Copy (ms): Min: 0.6, Avg: 0.7, Max: 0.7, Diff: 0.1, Sum: 2.7]
      [Termination (ms): Min: 0.0, Avg: 0.0, Max: 0.0, Diff: 0.0, Sum: 0.1]
         [Termination Attempts: Min: 1, Avg: 1.0, Max: 1, Diff: 0, Sum: 4]
      [GC Worker Other (ms): Min: 0.0, Avg: 0.0, Max: 0.0, Diff: 0.0, Sum: 0.1]
      [GC Worker Total (ms): Min: 0.9, Avg: 1.0, Max: 1.0, Diff: 0.1, Sum: 4.0]
      [GC Worker End (ms): Min: 1062.8, Avg: 1062.8, Max: 1062.8, Diff: 0.0]
   [Code Root Fixup: 0.0 ms]
   [Code Root Purge: 0.0 ms]
   [Clear CT: 0.0 ms]
   [Other: 0.3 ms]
      [Choose CSet: 0.0 ms]
      [Ref Proc: 0.1 ms]
      [Ref Enq: 0.0 ms]
      [Redirty Cards: 0.0 ms]
      [Humongous Register: 0.1 ms]
      [Humongous Reclaim: 0.0 ms]
      [Free CSet: 0.0 ms]
   [Eden: 5120.0K(26.0M)->0.0B(26.0M) Survivors: 4096.0K->1024.0K Heap: 371.5M(512.0M)->367.8M(512.0M)]
 [Times: user=0.00 sys=0.00, real=0.00 secs] 
1.063: [GC concurrent-root-region-scan-start]
1.063: [GC concurrent-root-region-scan-end, 0.0000894 secs]
1.063: [GC concurrent-mark-start]
1.066: [GC concurrent-mark-end, 0.0031886 secs]
1.067: [GC remark 1.067: [Finalize Marking, 0.0000656 secs] 1.067: [GC ref-proc, 0.0000663 secs] 1.067: [Unloading, 0.0004945 secs], 0.0021740 secs]
 [Times: user=0.00 sys=0.00, real=0.00 secs] 
1.069: [GC cleanup 391M->391M(512M), 0.0002647 secs]
 [Times: user=0.00 sys=0.00, real=0.00 secs] 
1.072: [GC pause (G1 Evacuation Pause) (young), 0.0028851 secs]
   [Parallel Time: 2.6 ms, GC Workers: 4]
      [GC Worker Start (ms): Min: 1072.2, Avg: 1072.2, Max: 1072.2, Diff: 0.0]
      [Ext Root Scanning (ms): Min: 0.1, Avg: 0.1, Max: 0.1, Diff: 0.0, Sum: 0.6]
      [Update RS (ms): Min: 1.3, Avg: 1.3, Max: 1.3, Diff: 0.0, Sum: 5.2]
         [Processed Buffers: Min: 18, Avg: 19.0, Max: 20, Diff: 2, Sum: 76]
      [Scan RS (ms): Min: 0.0, Avg: 0.0, Max: 0.0, Diff: 0.0, Sum: 0.0]
      [Code Root Scanning (ms): Min: 0.0, Avg: 0.0, Max: 0.0, Diff: 0.0, Sum: 0.0]
      [Object Copy (ms): Min: 1.1, Avg: 1.1, Max: 1.1, Diff: 0.0, Sum: 4.4]
      [Termination (ms): Min: 0.0, Avg: 0.0, Max: 0.0, Diff: 0.0, Sum: 0.1]
         [Termination Attempts: Min: 1, Avg: 1.0, Max: 1, Diff: 0, Sum: 4]
      [GC Worker Other (ms): Min: 0.0, Avg: 0.0, Max: 0.0, Diff: 0.0, Sum: 0.0]
      [GC Worker Total (ms): Min: 2.6, Avg: 2.6, Max: 2.6, Diff: 0.0, Sum: 10.3]
      [GC Worker End (ms): Min: 1074.7, Avg: 1074.7, Max: 1074.7, Diff: 0.0]
   [Code Root Fixup: 0.0 ms]
   [Code Root Purge: 0.0 ms]
   [Clear CT: 0.0 ms]
   [Other: 0.3 ms]
      [Choose CSet: 0.0 ms]
      [Ref Proc: 0.0 ms]
      [Ref Enq: 0.0 ms]
      [Redirty Cards: 0.0 ms]
      [Humongous Register: 0.1 ms]
      [Humongous Reclaim: 0.0 ms]
      [Free CSet: 0.0 ms]
   [Eden: 26.0M(26.0M)->0.0B(21.0M) Survivors: 1024.0K->4096.0K Heap: 402.5M(512.0M)->375.3M(512.0M)]
 [Times: user=0.00 sys=0.00, real=0.00 secs] 
1.079: [GC pause (G1 Evacuation Pause) (mixed), 0.0062845 secs]
   [Parallel Time: 5.9 ms, GC Workers: 4]
      [GC Worker Start (ms): Min: 1079.6, Avg: 1079.6, Max: 1079.6, Diff: 0.0]
      [Ext Root Scanning (ms): Min: 0.1, Avg: 0.1, Max: 0.1, Diff: 0.0, Sum: 0.6]
      [Update RS (ms): Min: 1.0, Avg: 1.1, Max: 1.1, Diff: 0.1, Sum: 4.3]
         [Processed Buffers: Min: 15, Avg: 15.3, Max: 16, Diff: 1, Sum: 61]
      [Scan RS (ms): Min: 0.0, Avg: 0.0, Max: 0.0, Diff: 0.0, Sum: 0.1]
      [Code Root Scanning (ms): Min: 0.0, Avg: 0.0, Max: 0.0, Diff: 0.0, Sum: 0.0]
      [Object Copy (ms): Min: 4.5, Avg: 4.5, Max: 4.5, Diff: 0.1, Sum: 18.0]
      [Termination (ms): Min: 0.0, Avg: 0.0, Max: 0.1, Diff: 0.1, Sum: 0.2]
         [Termination Attempts: Min: 1, Avg: 1.0, Max: 1, Diff: 0, Sum: 4]
      [GC Worker Other (ms): Min: 0.0, Avg: 0.0, Max: 0.0, Diff: 0.0, Sum: 0.0]
      [GC Worker Total (ms): Min: 5.8, Avg: 5.8, Max: 5.8, Diff: 0.0, Sum: 23.3]
      [GC Worker End (ms): Min: 1085.4, Avg: 1085.5, Max: 1085.5, Diff: 0.0]
   [Code Root Fixup: 0.0 ms]
   [Code Root Purge: 0.0 ms]
   [Clear CT: 0.0 ms]
   [Other: 0.4 ms]
      [Choose CSet: 0.0 ms]
      [Ref Proc: 0.1 ms]
      [Ref Enq: 0.0 ms]
      [Redirty Cards: 0.0 ms]
      [Humongous Register: 0.1 ms]
      [Humongous Reclaim: 0.0 ms]
      [Free CSet: 0.1 ms]
   [Eden: 21.0M(21.0M)->0.0B(27.0M) Survivors: 4096.0K->4096.0K Heap: 403.1M(512.0M)->366.3M(512.0M)]
 [Times: user=0.03 sys=0.00, real=0.01 secs] 
1.087: [GC pause (G1 Humongous Allocation) (young) (initial-mark), 0.0014493 secs]
   [Parallel Time: 1.2 ms, GC Workers: 4]
      [GC Worker Start (ms): Min: 1086.8, Avg: 1086.8, Max: 1086.8, Diff: 0.0]
      [Ext Root Scanning (ms): Min: 0.1, Avg: 0.1, Max: 0.1, Diff: 0.0, Sum: 0.6]
      [Update RS (ms): Min: 0.1, Avg: 0.1, Max: 0.1, Diff: 0.0, Sum: 0.5]
         [Processed Buffers: Min: 1, Avg: 1.5, Max: 2, Diff: 1, Sum: 6]
      [Scan RS (ms): Min: 0.0, Avg: 0.0, Max: 0.0, Diff: 0.0, Sum: 0.0]
      [Code Root Scanning (ms): Min: 0.0, Avg: 0.0, Max: 0.0, Diff: 0.0, Sum: 0.0]
      [Object Copy (ms): Min: 0.8, Avg: 0.8, Max: 0.9, Diff: 0.0, Sum: 3.3]
      [Termination (ms): Min: 0.0, Avg: 0.0, Max: 0.1, Diff: 0.1, Sum: 0.1]
         [Termination Attempts: Min: 1, Avg: 1.0, Max: 1, Diff: 0, Sum: 4]
      [GC Worker Other (ms): Min: 0.0, Avg: 0.0, Max: 0.0, Diff: 0.0, Sum: 0.0]
      [GC Worker Total (ms): Min: 1.1, Avg: 1.1, Max: 1.1, Diff: 0.0, Sum: 4.5]
      [GC Worker End (ms): Min: 1087.9, Avg: 1087.9, Max: 1087.9, Diff: 0.0]
   [Code Root Fixup: 0.0 ms]
   [Code Root Purge: 0.0 ms]
   [Clear CT: 0.0 ms]
   [Other: 0.3 ms]
      [Choose CSet: 0.0 ms]
      [Ref Proc: 0.0 ms]
      [Ref Enq: 0.0 ms]
      [Redirty Cards: 0.0 ms]
      [Humongous Register: 0.1 ms]
      [Humongous Reclaim: 0.0 ms]
      [Free CSet: 0.0 ms]
   [Eden: 4096.0K(27.0M)->0.0B(25.0M) Survivors: 4096.0K->2048.0K Heap: 370.3M(512.0M)->367.6M(512.0M)]
 [Times: user=0.00 sys=0.00, real=0.00 secs] 
1.088: [GC concurrent-root-region-scan-start]
1.088: [GC concurrent-root-region-scan-end, 0.0001239 secs]
1.088: [GC concurrent-mark-start]
1.092: [GC concurrent-mark-end, 0.0031894 secs]
1.092: [GC remark 1.092: [Finalize Marking, 0.0000499 secs] 1.092: [GC ref-proc, 0.0000660 secs] 1.092: [Unloading, 0.0004835 secs], 0.0020179 secs]
 [Times: user=0.00 sys=0.00, real=0.00 secs] 
1.094: [GC cleanup 388M->388M(512M), 0.0003083 secs]
 [Times: user=0.00 sys=0.00, real=0.00 secs] 
1.097: [GC pause (G1 Evacuation Pause) (young), 0.0032081 secs]
   [Parallel Time: 2.9 ms, GC Workers: 4]
      [GC Worker Start (ms): Min: 1097.0, Avg: 1097.0, Max: 1097.0, Diff: 0.0]
      [Ext Root Scanning (ms): Min: 0.1, Avg: 0.1, Max: 0.1, Diff: 0.0, Sum: 0.6]
      [Update RS (ms): Min: 1.3, Avg: 1.3, Max: 1.3, Diff: 0.0, Sum: 5.2]
         [Processed Buffers: Min: 19, Avg: 19.3, Max: 20, Diff: 1, Sum: 77]
      [Scan RS (ms): Min: 0.0, Avg: 0.0, Max: 0.0, Diff: 0.0, Sum: 0.0]
      [Code Root Scanning (ms): Min: 0.0, Avg: 0.0, Max: 0.0, Diff: 0.0, Sum: 0.0]
      [Object Copy (ms): Min: 1.4, Avg: 1.4, Max: 1.4, Diff: 0.0, Sum: 5.5]
      [Termination (ms): Min: 0.0, Avg: 0.0, Max: 0.0, Diff: 0.0, Sum: 0.1]
         [Termination Attempts: Min: 1, Avg: 1.0, Max: 1, Diff: 0, Sum: 4]
      [GC Worker Other (ms): Min: 0.0, Avg: 0.0, Max: 0.0, Diff: 0.0, Sum: 0.0]
      [GC Worker Total (ms): Min: 2.9, Avg: 2.9, Max: 2.9, Diff: 0.0, Sum: 11.5]
      [GC Worker End (ms): Min: 1099.8, Avg: 1099.8, Max: 1099.8, Diff: 0.0]
   [Code Root Fixup: 0.0 ms]
   [Code Root Purge: 0.0 ms]
   [Clear CT: 0.0 ms]
   [Other: 0.3 ms]
      [Choose CSet: 0.0 ms]
      [Ref Proc: 0.0 ms]
      [Ref Enq: 0.0 ms]
      [Redirty Cards: 0.0 ms]
      [Humongous Register: 0.1 ms]
      [Humongous Reclaim: 0.0 ms]
      [Free CSet: 0.0 ms]
   [Eden: 25.0M(25.0M)->0.0B(21.0M) Survivors: 2048.0K->4096.0K Heap: 401.3M(512.0M)->375.0M(512.0M)]
 [Times: user=0.00 sys=0.00, real=0.00 secs] 
1.104: [GC pause (G1 Evacuation Pause) (mixed), 0.0056350 secs]
   [Parallel Time: 5.3 ms, GC Workers: 4]
      [GC Worker Start (ms): Min: 1104.5, Avg: 1104.5, Max: 1104.5, Diff: 0.0]
      [Ext Root Scanning (ms): Min: 0.1, Avg: 0.2, Max: 0.2, Diff: 0.0, Sum: 0.6]
      [Update RS (ms): Min: 0.9, Avg: 0.9, Max: 0.9, Diff: 0.0, Sum: 3.5]
         [Processed Buffers: Min: 11, Avg: 12.0, Max: 13, Diff: 2, Sum: 48]
      [Scan RS (ms): Min: 0.0, Avg: 0.0, Max: 0.0, Diff: 0.0, Sum: 0.1]
      [Code Root Scanning (ms): Min: 0.0, Avg: 0.0, Max: 0.0, Diff: 0.0, Sum: 0.0]
      [Object Copy (ms): Min: 4.1, Avg: 4.2, Max: 4.2, Diff: 0.1, Sum: 16.7]
      [Termination (ms): Min: 0.0, Avg: 0.0, Max: 0.1, Diff: 0.1, Sum: 0.2]
         [Termination Attempts: Min: 1, Avg: 1.0, Max: 1, Diff: 0, Sum: 4]
      [GC Worker Other (ms): Min: 0.0, Avg: 0.0, Max: 0.0, Diff: 0.0, Sum: 0.0]
      [GC Worker Total (ms): Min: 5.3, Avg: 5.3, Max: 5.3, Diff: 0.0, Sum: 21.1]
      [GC Worker End (ms): Min: 1109.8, Avg: 1109.8, Max: 1109.8, Diff: 0.0]
   [Code Root Fixup: 0.0 ms]
   [Code Root Purge: 0.0 ms]
   [Clear CT: 0.0 ms]
   [Other: 0.3 ms]
      [Choose CSet: 0.0 ms]
      [Ref Proc: 0.0 ms]
      [Ref Enq: 0.0 ms]
      [Redirty Cards: 0.0 ms]
      [Humongous Register: 0.1 ms]
      [Humongous Reclaim: 0.0 ms]
      [Free CSet: 0.0 ms]
   [Eden: 21.0M(21.0M)->0.0B(26.0M) Survivors: 4096.0K->4096.0K Heap: 401.2M(512.0M)->367.4M(512.0M)]
 [Times: user=0.00 sys=0.00, real=0.01 secs] 
1.110: [GC pause (G1 Humongous Allocation) (young) (initial-mark), 0.0012433 secs]
   [Parallel Time: 0.9 ms, GC Workers: 4]
      [GC Worker Start (ms): Min: 1110.4, Avg: 1110.4, Max: 1110.4, Diff: 0.0]
      [Ext Root Scanning (ms): Min: 0.1, Avg: 0.1, Max: 0.1, Diff: 0.0, Sum: 0.6]
      [Update RS (ms): Min: 0.1, Avg: 0.1, Max: 0.2, Diff: 0.1, Sum: 0.5]
         [Processed Buffers: Min: 1, Avg: 1.5, Max: 3, Diff: 2, Sum: 6]
      [Scan RS (ms): Min: 0.0, Avg: 0.0, Max: 0.0, Diff: 0.0, Sum: 0.0]
      [Code Root Scanning (ms): Min: 0.0, Avg: 0.0, Max: 0.0, Diff: 0.0, Sum: 0.0]
      [Object Copy (ms): Min: 0.5, Avg: 0.6, Max: 0.6, Diff: 0.1, Sum: 2.4]
      [Termination (ms): Min: 0.0, Avg: 0.0, Max: 0.1, Diff: 0.1, Sum: 0.1]
         [Termination Attempts: Min: 1, Avg: 1.0, Max: 1, Diff: 0, Sum: 4]
      [GC Worker Other (ms): Min: 0.0, Avg: 0.0, Max: 0.0, Diff: 0.0, Sum: 0.0]
      [GC Worker Total (ms): Min: 0.9, Avg: 0.9, Max: 0.9, Diff: 0.0, Sum: 3.6]
      [GC Worker End (ms): Min: 1111.3, Avg: 1111.3, Max: 1111.3, Diff: 0.0]
   [Code Root Fixup: 0.0 ms]
   [Code Root Purge: 0.0 ms]
   [Clear CT: 0.0 ms]
   [Other: 0.3 ms]
      [Choose CSet: 0.0 ms]
      [Ref Proc: 0.1 ms]
      [Ref Enq: 0.0 ms]
      [Redirty Cards: 0.0 ms]
      [Humongous Register: 0.1 ms]
      [Humongous Reclaim: 0.0 ms]
      [Free CSet: 0.0 ms]
   [Eden: 1024.0K(26.0M)->0.0B(25.0M) Survivors: 4096.0K->1024.0K Heap: 368.3M(512.0M)->367.9M(512.0M)]
 [Times: user=0.00 sys=0.00, real=0.00 secs] 
1.112: [GC concurrent-root-region-scan-start]
1.112: [GC concurrent-root-region-scan-end, 0.0000150 secs]
1.112: [GC concurrent-mark-start]
1.115: [GC concurrent-mark-end, 0.0029068 secs]
1.115: [GC remark 1.115: [Finalize Marking, 0.0000510 secs] 1.115: [GC ref-proc, 0.0000645 secs] 1.115: [Unloading, 0.0004901 secs], 0.0020879 secs]
 [Times: user=0.06 sys=0.00, real=0.00 secs] 
1.117: [GC cleanup 384M->384M(512M), 0.0003123 secs]
 [Times: user=0.00 sys=0.00, real=0.00 secs] 
1.121: [GC pause (G1 Evacuation Pause) (young), 0.0029178 secs]
   [Parallel Time: 2.7 ms, GC Workers: 4]
      [GC Worker Start (ms): Min: 1120.8, Avg: 1120.8, Max: 1120.9, Diff: 0.0]
      [Ext Root Scanning (ms): Min: 0.1, Avg: 0.1, Max: 0.1, Diff: 0.0, Sum: 0.6]
      [Update RS (ms): Min: 1.3, Avg: 1.3, Max: 1.3, Diff: 0.0, Sum: 5.1]
         [Processed Buffers: Min: 18, Avg: 19.0, Max: 20, Diff: 2, Sum: 76]
      [Scan RS (ms): Min: 0.0, Avg: 0.0, Max: 0.0, Diff: 0.0, Sum: 0.0]
      [Code Root Scanning (ms): Min: 0.0, Avg: 0.0, Max: 0.0, Diff: 0.0, Sum: 0.0]
      [Object Copy (ms): Min: 1.1, Avg: 1.1, Max: 1.2, Diff: 0.1, Sum: 4.6]
      [Termination (ms): Min: 0.0, Avg: 0.0, Max: 0.1, Diff: 0.1, Sum: 0.2]
         [Termination Attempts: Min: 1, Avg: 1.0, Max: 1, Diff: 0, Sum: 4]
      [GC Worker Other (ms): Min: 0.0, Avg: 0.0, Max: 0.0, Diff: 0.0, Sum: 0.0]
      [GC Worker Total (ms): Min: 2.6, Avg: 2.6, Max: 2.6, Diff: 0.0, Sum: 10.4]
      [GC Worker End (ms): Min: 1123.4, Avg: 1123.5, Max: 1123.5, Diff: 0.0]
   [Code Root Fixup: 0.0 ms]
   [Code Root Purge: 0.0 ms]
   [Clear CT: 0.0 ms]
   [Other: 0.2 ms]
      [Choose CSet: 0.0 ms]
      [Ref Proc: 0.0 ms]
      [Ref Enq: 0.0 ms]
      [Redirty Cards: 0.0 ms]
      [Humongous Register: 0.1 ms]
      [Humongous Reclaim: 0.0 ms]
      [Free CSet: 0.0 ms]
   [Eden: 25.0M(25.0M)->0.0B(21.0M) Survivors: 1024.0K->4096.0K Heap: 401.5M(512.0M)->376.4M(512.0M)]
 [Times: user=0.00 sys=0.00, real=0.00 secs] 
1.128: [GC pause (G1 Evacuation Pause) (mixed), 0.0067721 secs]
   [Parallel Time: 6.4 ms, GC Workers: 4]
      [GC Worker Start (ms): Min: 1128.0, Avg: 1128.1, Max: 1128.1, Diff: 0.0]
      [Ext Root Scanning (ms): Min: 0.1, Avg: 0.2, Max: 0.2, Diff: 0.0, Sum: 0.6]
      [Update RS (ms): Min: 0.9, Avg: 0.9, Max: 1.0, Diff: 0.1, Sum: 3.7]
         [Processed Buffers: Min: 13, Avg: 15.3, Max: 18, Diff: 5, Sum: 61]
      [Scan RS (ms): Min: 0.0, Avg: 0.1, Max: 0.1, Diff: 0.0, Sum: 0.3]
      [Code Root Scanning (ms): Min: 0.0, Avg: 0.0, Max: 0.0, Diff: 0.0, Sum: 0.1]
      [Object Copy (ms): Min: 5.0, Avg: 5.1, Max: 5.2, Diff: 0.1, Sum: 20.5]
      [Termination (ms): Min: 0.0, Avg: 0.0, Max: 0.1, Diff: 0.1, Sum: 0.1]
         [Termination Attempts: Min: 1, Avg: 1.0, Max: 1, Diff: 0, Sum: 4]
      [GC Worker Other (ms): Min: 0.0, Avg: 0.0, Max: 0.0, Diff: 0.0, Sum: 0.0]
      [GC Worker Total (ms): Min: 6.3, Avg: 6.3, Max: 6.4, Diff: 0.0, Sum: 25.3]
      [GC Worker End (ms): Min: 1134.4, Avg: 1134.4, Max: 1134.4, Diff: 0.0]
   [Code Root Fixup: 0.0 ms]
   [Code Root Purge: 0.0 ms]
   [Clear CT: 0.0 ms]
   [Other: 0.4 ms]
      [Choose CSet: 0.0 ms]
      [Ref Proc: 0.0 ms]
      [Ref Enq: 0.0 ms]
      [Redirty Cards: 0.0 ms]
      [Humongous Register: 0.1 ms]
      [Humongous Reclaim: 0.0 ms]
      [Free CSet: 0.1 ms]
   [Eden: 21.0M(21.0M)->0.0B(27.0M) Survivors: 4096.0K->4096.0K Heap: 404.2M(512.0M)->366.4M(512.0M)]
 [Times: user=0.06 sys=0.00, real=0.01 secs] 
1.135: [GC pause (G1 Humongous Allocation) (young) (initial-mark), 0.0011748 secs]
   [Parallel Time: 1.0 ms, GC Workers: 4]
      [GC Worker Start (ms): Min: 1134.9, Avg: 1134.9, Max: 1134.9, Diff: 0.0]
      [Ext Root Scanning (ms): Min: 0.1, Avg: 0.1, Max: 0.1, Diff: 0.0, Sum: 0.6]
      [Update RS (ms): Min: 0.2, Avg: 0.4, Max: 0.6, Diff: 0.4, Sum: 1.5]
         [Processed Buffers: Min: 1, Avg: 1.5, Max: 2, Diff: 1, Sum: 6]
      [Scan RS (ms): Min: 0.0, Avg: 0.0, Max: 0.0, Diff: 0.0, Sum: 0.0]
      [Code Root Scanning (ms): Min: 0.0, Avg: 0.0, Max: 0.0, Diff: 0.0, Sum: 0.0]
      [Object Copy (ms): Min: 0.2, Avg: 0.4, Max: 0.5, Diff: 0.4, Sum: 1.5]
      [Termination (ms): Min: 0.0, Avg: 0.0, Max: 0.0, Diff: 0.0, Sum: 0.1]
         [Termination Attempts: Min: 1, Avg: 1.0, Max: 1, Diff: 0, Sum: 4]
      [GC Worker Other (ms): Min: 0.0, Avg: 0.0, Max: 0.0, Diff: 0.0, Sum: 0.0]
      [GC Worker Total (ms): Min: 0.9, Avg: 0.9, Max: 0.9, Diff: 0.0, Sum: 3.8]
      [GC Worker End (ms): Min: 1135.9, Avg: 1135.9, Max: 1135.9, Diff: 0.0]
   [Code Root Fixup: 0.0 ms]
   [Code Root Purge: 0.0 ms]
   [Clear CT: 0.0 ms]
   [Other: 0.2 ms]
      [Choose CSet: 0.0 ms]
      [Ref Proc: 0.1 ms]
      [Ref Enq: 0.0 ms]
      [Redirty Cards: 0.0 ms]
      [Humongous Register: 0.0 ms]
      [Humongous Reclaim: 0.0 ms]
      [Free CSet: 0.0 ms]
   [Eden: 1024.0K(27.0M)->0.0B(29.0M) Survivors: 4096.0K->0.0B Heap: 366.9M(512.0M)->366.2M(512.0M)]
 [Times: user=0.00 sys=0.00, real=0.00 secs] 
1.136: [GC concurrent-root-region-scan-start]
1.136: [GC concurrent-root-region-scan-end, 0.0000055 secs]
1.136: [GC concurrent-mark-start]
1.139: [GC concurrent-mark-end, 0.0029452 secs]
1.139: [GC remark 1.139: [Finalize Marking, 0.0000400 secs] 1.139: [GC ref-proc, 0.0000652 secs] 1.139: [Unloading, 0.0004853 secs], 0.0020322 secs]
 [Times: user=0.00 sys=0.00, real=0.00 secs] 
1.141: [GC cleanup 379M->379M(512M), 0.0002614 secs]
 [Times: user=0.00 sys=0.00, real=0.00 secs] 
1.146: [GC pause (G1 Evacuation Pause) (young), 0.0032561 secs]
   [Parallel Time: 2.9 ms, GC Workers: 4]
      [GC Worker Start (ms): Min: 1146.0, Avg: 1146.0, Max: 1146.1, Diff: 0.0]
      [Ext Root Scanning (ms): Min: 0.1, Avg: 0.1, Max: 0.1, Diff: 0.0, Sum: 0.6]
      [Update RS (ms): Min: 1.2, Avg: 1.2, Max: 1.2, Diff: 0.1, Sum: 4.7]
         [Processed Buffers: Min: 17, Avg: 17.5, Max: 18, Diff: 1, Sum: 70]
      [Scan RS (ms): Min: 0.0, Avg: 0.0, Max: 0.0, Diff: 0.0, Sum: 0.0]
      [Code Root Scanning (ms): Min: 0.0, Avg: 0.0, Max: 0.0, Diff: 0.0, Sum: 0.0]
      [Object Copy (ms): Min: 1.4, Avg: 1.5, Max: 1.5, Diff: 0.1, Sum: 5.8]
      [Termination (ms): Min: 0.0, Avg: 0.1, Max: 0.1, Diff: 0.1, Sum: 0.3]
         [Termination Attempts: Min: 1, Avg: 1.0, Max: 1, Diff: 0, Sum: 4]
      [GC Worker Other (ms): Min: 0.0, Avg: 0.0, Max: 0.0, Diff: 0.0, Sum: 0.0]
      [GC Worker Total (ms): Min: 2.8, Avg: 2.9, Max: 2.9, Diff: 0.0, Sum: 11.4]
      [GC Worker End (ms): Min: 1148.9, Avg: 1148.9, Max: 1148.9, Diff: 0.0]
   [Code Root Fixup: 0.0 ms]
   [Code Root Purge: 0.0 ms]
   [Clear CT: 0.0 ms]
   [Other: 0.3 ms]
      [Choose CSet: 0.0 ms]
      [Ref Proc: 0.1 ms]
      [Ref Enq: 0.0 ms]
      [Redirty Cards: 0.0 ms]
      [Humongous Register: 0.1 ms]
      [Humongous Reclaim: 0.0 ms]
      [Free CSet: 0.0 ms]
   [Eden: 29.0M(29.0M)->0.0B(21.0M) Survivors: 0.0B->4096.0K Heap: 403.2M(512.0M)->378.8M(512.0M)]
 [Times: user=0.06 sys=0.00, real=0.00 secs] 
1.153: [GC pause (G1 Evacuation Pause) (mixed), 0.0048330 secs]
   [Parallel Time: 4.5 ms, GC Workers: 4]
      [GC Worker Start (ms): Min: 1153.3, Avg: 1153.4, Max: 1153.4, Diff: 0.0]
      [Ext Root Scanning (ms): Min: 0.1, Avg: 0.1, Max: 0.2, Diff: 0.0, Sum: 0.6]
      [Update RS (ms): Min: 0.3, Avg: 0.3, Max: 0.3, Diff: 0.0, Sum: 1.2]
         [Processed Buffers: Min: 3, Avg: 4.0, Max: 5, Diff: 2, Sum: 16]
      [Scan RS (ms): Min: 0.0, Avg: 0.1, Max: 0.1, Diff: 0.1, Sum: 0.2]
      [Code Root Scanning (ms): Min: 0.0, Avg: 0.0, Max: 0.0, Diff: 0.0, Sum: 0.0]
      [Object Copy (ms): Min: 3.9, Avg: 3.9, Max: 4.0, Diff: 0.1, Sum: 15.7]
      [Termination (ms): Min: 0.0, Avg: 0.0, Max: 0.1, Diff: 0.1, Sum: 0.2]
         [Termination Attempts: Min: 1, Avg: 1.0, Max: 1, Diff: 0, Sum: 4]
      [GC Worker Other (ms): Min: 0.0, Avg: 0.0, Max: 0.0, Diff: 0.0, Sum: 0.0]
      [GC Worker Total (ms): Min: 4.4, Avg: 4.5, Max: 4.5, Diff: 0.0, Sum: 17.8]
      [GC Worker End (ms): Min: 1157.8, Avg: 1157.8, Max: 1157.8, Diff: 0.0]
   [Code Root Fixup: 0.0 ms]
   [Code Root Purge: 0.0 ms]
   [Clear CT: 0.0 ms]
   [Other: 0.3 ms]
      [Choose CSet: 0.0 ms]
      [Ref Proc: 0.1 ms]
      [Ref Enq: 0.0 ms]
      [Redirty Cards: 0.0 ms]
      [Humongous Register: 0.1 ms]
      [Humongous Reclaim: 0.0 ms]
      [Free CSet: 0.0 ms]
   [Eden: 21.0M(21.0M)->0.0B(24.0M) Survivors: 4096.0K->4096.0K Heap: 401.1M(512.0M)->370.6M(512.0M)]
 [Times: user=0.00 sys=0.00, real=0.01 secs] 
1.159: [GC pause (G1 Humongous Allocation) (young) (initial-mark), 0.0015762 secs]
   [Parallel Time: 1.3 ms, GC Workers: 4]
      [GC Worker Start (ms): Min: 1159.2, Avg: 1159.2, Max: 1159.2, Diff: 0.0]
      [Ext Root Scanning (ms): Min: 0.1, Avg: 0.2, Max: 0.2, Diff: 0.0, Sum: 0.6]
      [Update RS (ms): Min: 0.1, Avg: 0.2, Max: 0.3, Diff: 0.1, Sum: 0.8]
         [Processed Buffers: Min: 1, Avg: 1.3, Max: 2, Diff: 1, Sum: 5]
      [Scan RS (ms): Min: 0.0, Avg: 0.0, Max: 0.0, Diff: 0.0, Sum: 0.0]
      [Code Root Scanning (ms): Min: 0.0, Avg: 0.0, Max: 0.0, Diff: 0.0, Sum: 0.0]
      [Object Copy (ms): Min: 0.8, Avg: 0.9, Max: 0.9, Diff: 0.1, Sum: 3.4]
      [Termination (ms): Min: 0.0, Avg: 0.0, Max: 0.1, Diff: 0.1, Sum: 0.1]
         [Termination Attempts: Min: 1, Avg: 1.0, Max: 1, Diff: 0, Sum: 4]
      [GC Worker Other (ms): Min: 0.0, Avg: 0.0, Max: 0.0, Diff: 0.0, Sum: 0.0]
      [GC Worker Total (ms): Min: 1.2, Avg: 1.2, Max: 1.2, Diff: 0.0, Sum: 4.9]
      [GC Worker End (ms): Min: 1160.4, Avg: 1160.4, Max: 1160.4, Diff: 0.0]
   [Code Root Fixup: 0.0 ms]
   [Code Root Purge: 0.0 ms]
   [Clear CT: 0.0 ms]
   [Other: 0.3 ms]
      [Choose CSet: 0.0 ms]
      [Ref Proc: 0.0 ms]
      [Ref Enq: 0.0 ms]
      [Redirty Cards: 0.0 ms]
      [Humongous Register: 0.1 ms]
      [Humongous Reclaim: 0.0 ms]
      [Free CSet: 0.0 ms]
   [Eden: 6144.0K(24.0M)->0.0B(22.0M) Survivors: 4096.0K->3072.0K Heap: 376.6M(512.0M)->372.4M(512.0M)]
 [Times: user=0.00 sys=0.00, real=0.00 secs] 
1.161: [GC concurrent-root-region-scan-start]
1.161: [GC concurrent-root-region-scan-end, 0.0000946 secs]
1.161: [GC concurrent-mark-start]
1.164: [GC concurrent-mark-end, 0.0031296 secs]
1.164: [GC remark 1.164: [Finalize Marking, 0.0000575 secs] 1.164: [GC ref-proc, 0.0000660 secs] 1.164: [Unloading, 0.0005099 secs], 0.0021289 secs]
 [Times: user=0.00 sys=0.00, real=0.00 secs] 
1.166: [GC cleanup 392M->392M(512M), 0.0002676 secs]
 [Times: user=0.00 sys=0.00, real=0.00 secs] 
1.169: [GC pause (G1 Evacuation Pause) (young), 0.0030493 secs]
   [Parallel Time: 2.7 ms, GC Workers: 4]
      [GC Worker Start (ms): Min: 1169.0, Avg: 1169.3, Max: 1170.2, Diff: 1.2]
      [Ext Root Scanning (ms): Min: 0.0, Avg: 0.1, Max: 0.2, Diff: 0.2, Sum: 0.5]
      [Update RS (ms): Min: 0.1, Avg: 0.9, Max: 1.2, Diff: 1.1, Sum: 3.7]
         [Processed Buffers: Min: 2, Avg: 13.8, Max: 18, Diff: 16, Sum: 55]
      [Scan RS (ms): Min: 0.0, Avg: 0.0, Max: 0.0, Diff: 0.0, Sum: 0.0]
      [Code Root Scanning (ms): Min: 0.0, Avg: 0.0, Max: 0.0, Diff: 0.0, Sum: 0.0]
      [Object Copy (ms): Min: 1.2, Avg: 1.3, Max: 1.3, Diff: 0.1, Sum: 5.2]
      [Termination (ms): Min: 0.0, Avg: 0.0, Max: 0.1, Diff: 0.1, Sum: 0.1]
         [Termination Attempts: Min: 1, Avg: 1.0, Max: 1, Diff: 0, Sum: 4]
      [GC Worker Other (ms): Min: 0.0, Avg: 0.0, Max: 0.0, Diff: 0.0, Sum: 0.0]
      [GC Worker Total (ms): Min: 1.5, Avg: 2.4, Max: 2.7, Diff: 1.2, Sum: 9.6]
      [GC Worker End (ms): Min: 1171.7, Avg: 1171.7, Max: 1171.7, Diff: 0.0]
   [Code Root Fixup: 0.0 ms]
   [Code Root Purge: 0.0 ms]
   [Clear CT: 0.0 ms]
   [Other: 0.3 ms]
      [Choose CSet: 0.0 ms]
      [Ref Proc: 0.0 ms]
      [Ref Enq: 0.0 ms]
      [Redirty Cards: 0.0 ms]
      [Humongous Register: 0.1 ms]
      [Humongous Reclaim: 0.0 ms]
      [Free CSet: 0.0 ms]
   [Eden: 22.0M(22.0M)->0.0B(21.0M) Survivors: 3072.0K->4096.0K Heap: 400.6M(512.0M)->380.1M(512.0M)]
 [Times: user=0.00 sys=0.00, real=0.00 secs] 
1.176: [GC pause (G1 Evacuation Pause) (mixed), 0.0066386 secs]
   [Parallel Time: 6.0 ms, GC Workers: 4]
      [GC Worker Start (ms): Min: 1176.0, Avg: 1176.0, Max: 1176.0, Diff: 0.0]
      [Ext Root Scanning (ms): Min: 0.1, Avg: 0.1, Max: 0.1, Diff: 0.0, Sum: 0.6]
      [Update RS (ms): Min: 0.9, Avg: 0.9, Max: 0.9, Diff: 0.0, Sum: 3.5]
         [Processed Buffers: Min: 12, Avg: 12.8, Max: 13, Diff: 1, Sum: 51]
      [Scan RS (ms): Min: 0.0, Avg: 0.0, Max: 0.1, Diff: 0.0, Sum: 0.2]
      [Code Root Scanning (ms): Min: 0.0, Avg: 0.0, Max: 0.0, Diff: 0.0, Sum: 0.0]
      [Object Copy (ms): Min: 4.9, Avg: 4.9, Max: 4.9, Diff: 0.0, Sum: 19.7]
      [Termination (ms): Min: 0.0, Avg: 0.0, Max: 0.0, Diff: 0.0, Sum: 0.1]
         [Termination Attempts: Min: 1, Avg: 1.0, Max: 1, Diff: 0, Sum: 4]
      [GC Worker Other (ms): Min: 0.0, Avg: 0.0, Max: 0.0, Diff: 0.0, Sum: 0.0]
      [GC Worker Total (ms): Min: 6.0, Avg: 6.0, Max: 6.0, Diff: 0.0, Sum: 24.0]
      [GC Worker End (ms): Min: 1182.0, Avg: 1182.0, Max: 1182.0, Diff: 0.0]
   [Code Root Fixup: 0.0 ms]
   [Code Root Purge: 0.0 ms]
   [Clear CT: 0.0 ms]
   [Other: 0.6 ms]
      [Choose CSet: 0.0 ms]
      [Ref Proc: 0.2 ms]
      [Ref Enq: 0.0 ms]
      [Redirty Cards: 0.0 ms]
      [Humongous Register: 0.1 ms]
      [Humongous Reclaim: 0.0 ms]
      [Free CSet: 0.1 ms]
   [Eden: 21.0M(21.0M)->0.0B(22.0M) Survivors: 4096.0K->4096.0K Heap: 406.8M(512.0M)->371.1M(512.0M)]
 [Times: user=0.06 sys=0.00, real=0.01 secs] 
1.185: [GC pause (G1 Humongous Allocation) (young) (initial-mark), 0.0016081 secs]
   [Parallel Time: 1.3 ms, GC Workers: 4]
      [GC Worker Start (ms): Min: 1184.7, Avg: 1184.7, Max: 1184.7, Diff: 0.0]
      [Ext Root Scanning (ms): Min: 0.1, Avg: 0.1, Max: 0.2, Diff: 0.0, Sum: 0.6]
      [Update RS (ms): Min: 0.1, Avg: 0.1, Max: 0.2, Diff: 0.0, Sum: 0.5]
         [Processed Buffers: Min: 1, Avg: 1.3, Max: 2, Diff: 1, Sum: 5]
      [Scan RS (ms): Min: 0.0, Avg: 0.0, Max: 0.0, Diff: 0.0, Sum: 0.0]
      [Code Root Scanning (ms): Min: 0.0, Avg: 0.0, Max: 0.0, Diff: 0.0, Sum: 0.0]
      [Object Copy (ms): Min: 0.9, Avg: 0.9, Max: 0.9, Diff: 0.0, Sum: 3.6]
      [Termination (ms): Min: 0.0, Avg: 0.0, Max: 0.1, Diff: 0.1, Sum: 0.2]
         [Termination Attempts: Min: 1, Avg: 1.0, Max: 1, Diff: 0, Sum: 4]
      [GC Worker Other (ms): Min: 0.0, Avg: 0.0, Max: 0.0, Diff: 0.0, Sum: 0.0]
      [GC Worker Total (ms): Min: 1.2, Avg: 1.2, Max: 1.3, Diff: 0.0, Sum: 5.0]
      [GC Worker End (ms): Min: 1185.9, Avg: 1185.9, Max: 1185.9, Diff: 0.0]
   [Code Root Fixup: 0.0 ms]
   [Code Root Purge: 0.0 ms]
   [Clear CT: 0.0 ms]
   [Other: 0.3 ms]
      [Choose CSet: 0.0 ms]
      [Ref Proc: 0.1 ms]
      [Ref Enq: 0.0 ms]
      [Redirty Cards: 0.0 ms]
      [Humongous Register: 0.1 ms]
      [Humongous Reclaim: 0.0 ms]
      [Free CSet: 0.0 ms]
   [Eden: 10.0M(22.0M)->0.0B(23.0M) Survivors: 4096.0K->2048.0K Heap: 380.9M(512.0M)->373.1M(512.0M)]
 [Times: user=0.00 sys=0.00, real=0.00 secs] 
1.186: [GC concurrent-root-region-scan-start]
1.186: [GC concurrent-root-region-scan-end, 0.0000953 secs]
1.186: [GC concurrent-mark-start]
1.189: [GC concurrent-mark-end, 0.0029244 secs]
1.189: [GC remark 1.189: [Finalize Marking, 0.0000473 secs] 1.189: [GC ref-proc, 0.0000656 secs] 1.190: [Unloading, 0.0004952 secs], 0.0020439 secs]
 [Times: user=0.00 sys=0.00, real=0.00 secs] 
1.192: [GC cleanup 391M->391M(512M), 0.0002639 secs]
 [Times: user=0.00 sys=0.00, real=0.00 secs] 
1.195: [GC pause (G1 Evacuation Pause) (young), 0.0024038 secs]
   [Parallel Time: 2.1 ms, GC Workers: 4]
      [GC Worker Start (ms): Min: 1194.7, Avg: 1194.7, Max: 1194.7, Diff: 0.0]
      [Ext Root Scanning (ms): Min: 0.1, Avg: 0.1, Max: 0.1, Diff: 0.0, Sum: 0.5]
      [Update RS (ms): Min: 0.8, Avg: 0.8, Max: 0.8, Diff: 0.1, Sum: 3.2]
         [Processed Buffers: Min: 11, Avg: 11.8, Max: 12, Diff: 1, Sum: 47]
      [Scan RS (ms): Min: 0.0, Avg: 0.0, Max: 0.0, Diff: 0.0, Sum: 0.0]
      [Code Root Scanning (ms): Min: 0.0, Avg: 0.0, Max: 0.0, Diff: 0.0, Sum: 0.0]
      [Object Copy (ms): Min: 1.1, Avg: 1.1, Max: 1.2, Diff: 0.1, Sum: 4.6]
      [Termination (ms): Min: 0.0, Avg: 0.0, Max: 0.0, Diff: 0.0, Sum: 0.0]
         [Termination Attempts: Min: 1, Avg: 1.0, Max: 1, Diff: 0, Sum: 4]
      [GC Worker Other (ms): Min: 0.0, Avg: 0.0, Max: 0.0, Diff: 0.0, Sum: 0.0]
      [GC Worker Total (ms): Min: 2.1, Avg: 2.1, Max: 2.1, Diff: 0.0, Sum: 8.4]
      [GC Worker End (ms): Min: 1196.8, Avg: 1196.8, Max: 1196.8, Diff: 0.0]
   [Code Root Fixup: 0.0 ms]
   [Code Root Purge: 0.0 ms]
   [Clear CT: 0.0 ms]
   [Other: 0.3 ms]
      [Choose CSet: 0.0 ms]
      [Ref Proc: 0.0 ms]
      [Ref Enq: 0.0 ms]
      [Redirty Cards: 0.0 ms]
      [Humongous Register: 0.1 ms]
      [Humongous Reclaim: 0.0 ms]
      [Free CSet: 0.0 ms]
   [Eden: 23.0M(23.0M)->0.0B(21.0M) Survivors: 2048.0K->4096.0K Heap: 401.3M(512.0M)->380.7M(512.0M)]
 [Times: user=0.00 sys=0.00, real=0.00 secs] 
1.202: [GC pause (G1 Evacuation Pause) (mixed), 0.0071404 secs]
   [Parallel Time: 6.8 ms, GC Workers: 4]
      [GC Worker Start (ms): Min: 1201.8, Avg: 1201.8, Max: 1201.8, Diff: 0.0]
      [Ext Root Scanning (ms): Min: 0.1, Avg: 0.1, Max: 0.2, Diff: 0.0, Sum: 0.6]
      [Update RS (ms): Min: 0.7, Avg: 0.8, Max: 0.8, Diff: 0.1, Sum: 3.1]
         [Processed Buffers: Min: 11, Avg: 11.0, Max: 11, Diff: 0, Sum: 44]
      [Scan RS (ms): Min: 0.0, Avg: 0.0, Max: 0.1, Diff: 0.1, Sum: 0.2]
      [Code Root Scanning (ms): Min: 0.0, Avg: 0.0, Max: 0.0, Diff: 0.0, Sum: 0.0]
      [Object Copy (ms): Min: 5.6, Avg: 5.7, Max: 5.7, Diff: 0.1, Sum: 22.8]
      [Termination (ms): Min: 0.0, Avg: 0.0, Max: 0.1, Diff: 0.1, Sum: 0.2]
         [Termination Attempts: Min: 1, Avg: 1.0, Max: 1, Diff: 0, Sum: 4]
      [GC Worker Other (ms): Min: 0.0, Avg: 0.0, Max: 0.0, Diff: 0.0, Sum: 0.0]
      [GC Worker Total (ms): Min: 6.7, Avg: 6.7, Max: 6.7, Diff: 0.0, Sum: 26.8]
      [GC Worker End (ms): Min: 1208.5, Avg: 1208.5, Max: 1208.5, Diff: 0.0]
   [Code Root Fixup: 0.0 ms]
   [Code Root Purge: 0.0 ms]
   [Clear CT: 0.0 ms]
   [Other: 0.3 ms]
      [Choose CSet: 0.0 ms]
      [Ref Proc: 0.1 ms]
      [Ref Enq: 0.0 ms]
      [Redirty Cards: 0.0 ms]
      [Humongous Register: 0.1 ms]
      [Humongous Reclaim: 0.0 ms]
      [Free CSet: 0.1 ms]
   [Eden: 21.0M(21.0M)->0.0B(21.0M) Survivors: 4096.0K->4096.0K Heap: 406.4M(512.0M)->373.3M(512.0M)]
 [Times: user=0.00 sys=0.00, real=0.01 secs] 
1.209: [GC pause (G1 Humongous Allocation) (young) (initial-mark), 0.0012096 secs]
   [Parallel Time: 1.0 ms, GC Workers: 4]
      [GC Worker Start (ms): Min: 1209.2, Avg: 1209.2, Max: 1209.2, Diff: 0.0]
      [Ext Root Scanning (ms): Min: 0.1, Avg: 0.1, Max: 0.1, Diff: 0.0, Sum: 0.6]
      [Update RS (ms): Min: 0.1, Avg: 0.2, Max: 0.2, Diff: 0.1, Sum: 0.6]
         [Processed Buffers: Min: 1, Avg: 1.3, Max: 2, Diff: 1, Sum: 5]
      [Scan RS (ms): Min: 0.0, Avg: 0.0, Max: 0.0, Diff: 0.0, Sum: 0.0]
      [Code Root Scanning (ms): Min: 0.0, Avg: 0.0, Max: 0.0, Diff: 0.0, Sum: 0.0]
      [Object Copy (ms): Min: 0.5, Avg: 0.6, Max: 0.7, Diff: 0.2, Sum: 2.3]
      [Termination (ms): Min: 0.0, Avg: 0.0, Max: 0.1, Diff: 0.1, Sum: 0.2]
         [Termination Attempts: Min: 1, Avg: 1.0, Max: 1, Diff: 0, Sum: 4]
      [GC Worker Other (ms): Min: 0.0, Avg: 0.0, Max: 0.0, Diff: 0.0, Sum: 0.0]
      [GC Worker Total (ms): Min: 0.9, Avg: 0.9, Max: 0.9, Diff: 0.0, Sum: 3.7]
      [GC Worker End (ms): Min: 1210.2, Avg: 1210.2, Max: 1210.2, Diff: 0.0]
   [Code Root Fixup: 0.0 ms]
   [Code Root Purge: 0.0 ms]
   [Clear CT: 0.0 ms]
   [Other: 0.2 ms]
      [Choose CSet: 0.0 ms]
      [Ref Proc: 0.0 ms]
      [Ref Enq: 0.0 ms]
      [Redirty Cards: 0.0 ms]
      [Humongous Register: 0.1 ms]
      [Humongous Reclaim: 0.0 ms]
      [Free CSet: 0.0 ms]
   [Eden: 1024.0K(21.0M)->0.0B(24.0M) Survivors: 4096.0K->1024.0K Heap: 374.0M(512.0M)->372.7M(512.0M)]
 [Times: user=0.00 sys=0.00, real=0.00 secs] 
1.210: [GC concurrent-root-region-scan-start]
1.211: [GC concurrent-root-region-scan-end, 0.0000913 secs]
1.211: [GC concurrent-mark-start]
1.214: [GC concurrent-mark-end, 0.0031135 secs]
1.214: [GC remark 1.214: [Finalize Marking, 0.0000553 secs] 1.214: [GC ref-proc, 0.0000656 secs] 1.214: [Unloading, 0.0004853 secs], 0.0021385 secs]
 [Times: user=0.00 sys=0.00, real=0.00 secs] 
1.216: [GC cleanup 390M->390M(512M), 0.0002936 secs]
 [Times: user=0.00 sys=0.00, real=0.00 secs] 
1.219: [GC pause (G1 Evacuation Pause) (young), 0.0019328 secs]
   [Parallel Time: 1.7 ms, GC Workers: 4]
      [GC Worker Start (ms): Min: 1219.1, Avg: 1219.1, Max: 1219.1, Diff: 0.0]
      [Ext Root Scanning (ms): Min: 0.1, Avg: 0.1, Max: 0.1, Diff: 0.0, Sum: 0.6]
      [Update RS (ms): Min: 0.3, Avg: 0.4, Max: 0.4, Diff: 0.0, Sum: 1.4]
         [Processed Buffers: Min: 4, Avg: 5.5, Max: 7, Diff: 3, Sum: 22]
      [Scan RS (ms): Min: 0.0, Avg: 0.0, Max: 0.0, Diff: 0.0, Sum: 0.0]
      [Code Root Scanning (ms): Min: 0.0, Avg: 0.0, Max: 0.0, Diff: 0.0, Sum: 0.0]
      [Object Copy (ms): Min: 1.0, Avg: 1.1, Max: 1.1, Diff: 0.2, Sum: 4.3]
      [Termination (ms): Min: 0.0, Avg: 0.0, Max: 0.1, Diff: 0.1, Sum: 0.2]
         [Termination Attempts: Min: 1, Avg: 1.0, Max: 1, Diff: 0, Sum: 4]
      [GC Worker Other (ms): Min: 0.0, Avg: 0.0, Max: 0.0, Diff: 0.0, Sum: 0.0]
      [GC Worker Total (ms): Min: 1.6, Avg: 1.6, Max: 1.6, Diff: 0.0, Sum: 6.5]
      [GC Worker End (ms): Min: 1220.7, Avg: 1220.8, Max: 1220.8, Diff: 0.0]
   [Code Root Fixup: 0.0 ms]
   [Code Root Purge: 0.0 ms]
   [Clear CT: 0.0 ms]
   [Other: 0.2 ms]
      [Choose CSet: 0.0 ms]
      [Ref Proc: 0.0 ms]
      [Ref Enq: 0.0 ms]
      [Redirty Cards: 0.0 ms]
      [Humongous Register: 0.1 ms]
      [Humongous Reclaim: 0.0 ms]
      [Free CSet: 0.0 ms]
   [Eden: 24.0M(24.0M)->0.0B(21.0M) Survivors: 1024.0K->4096.0K Heap: 398.6M(512.0M)->378.6M(512.0M)]
 [Times: user=0.00 sys=0.00, real=0.00 secs] 
Heap
 garbage-first heap   total 524288K, used 387673K [0x00000000e0000000, 0x00000000e0101000, 0x0000000100000000)
  region size 1024K, 5 young (5120K), 4 survivors (4096K)
 Metaspace       used 2685K, capacity 4486K, committed 4864K, reserved 1056768K
  class space    used 289K, capacity 386K, committed 512K, reserved 1048576K
